Archive member included to satisfy reference by file (symbol)

d:/app/stm32cubeide_1.10.1/stm32cubeide/plugins/com.st.stm32cube.ide.mcu.externaltools.gnu-tools-for-stm32.10.3-2021.10.win32_1.0.0.202111181127/tools/bin/../lib/gcc/arm-none-eabi/10.3.1/../../../../arm-none-eabi/lib/thumb/v7-m/nofp\libc_nano.a(lib_a-assert.o)
                              ./Core/Src/huansic_motorlib.o (__assert_func)
d:/app/stm32cubeide_1.10.1/stm32cubeide/plugins/com.st.stm32cube.ide.mcu.externaltools.gnu-tools-for-stm32.10.3-2021.10.win32_1.0.0.202111181127/tools/bin/../lib/gcc/arm-none-eabi/10.3.1/../../../../arm-none-eabi/lib/thumb/v7-m/nofp\libc_nano.a(lib_a-errno.o)
                              ./Core/Src/syscalls.o (__errno)
d:/app/stm32cubeide_1.10.1/stm32cubeide/plugins/com.st.stm32cube.ide.mcu.externaltools.gnu-tools-for-stm32.10.3-2021.10.win32_1.0.0.202111181127/tools/bin/../lib/gcc/arm-none-eabi/10.3.1/../../../../arm-none-eabi/lib/thumb/v7-m/nofp\libc_nano.a(lib_a-exit.o)
                              d:/app/stm32cubeide_1.10.1/stm32cubeide/plugins/com.st.stm32cube.ide.mcu.externaltools.gnu-tools-for-stm32.10.3-2021.10.win32_1.0.0.202111181127/tools/bin/../lib/gcc/arm-none-eabi/10.3.1/../../../../arm-none-eabi/lib/thumb/v7-m/nofp/crt0.o (exit)
d:/app/stm32cubeide_1.10.1/stm32cubeide/plugins/com.st.stm32cube.ide.mcu.externaltools.gnu-tools-for-stm32.10.3-2021.10.win32_1.0.0.202111181127/tools/bin/../lib/gcc/arm-none-eabi/10.3.1/../../../../arm-none-eabi/lib/thumb/v7-m/nofp\libc_nano.a(lib_a-fprintf.o)
                              d:/app/stm32cubeide_1.10.1/stm32cubeide/plugins/com.st.stm32cube.ide.mcu.externaltools.gnu-tools-for-stm32.10.3-2021.10.win32_1.0.0.202111181127/tools/bin/../lib/gcc/arm-none-eabi/10.3.1/../../../../arm-none-eabi/lib/thumb/v7-m/nofp\libc_nano.a(lib_a-assert.o) (fiprintf)
d:/app/stm32cubeide_1.10.1/stm32cubeide/plugins/com.st.stm32cube.ide.mcu.externaltools.gnu-tools-for-stm32.10.3-2021.10.win32_1.0.0.202111181127/tools/bin/../lib/gcc/arm-none-eabi/10.3.1/../../../../arm-none-eabi/lib/thumb/v7-m/nofp\libc_nano.a(lib_a-impure.o)
                              d:/app/stm32cubeide_1.10.1/stm32cubeide/plugins/com.st.stm32cube.ide.mcu.externaltools.gnu-tools-for-stm32.10.3-2021.10.win32_1.0.0.202111181127/tools/bin/../lib/gcc/arm-none-eabi/10.3.1/../../../../arm-none-eabi/lib/thumb/v7-m/nofp\libc_nano.a(lib_a-exit.o) (_global_impure_ptr)
d:/app/stm32cubeide_1.10.1/stm32cubeide/plugins/com.st.stm32cube.ide.mcu.externaltools.gnu-tools-for-stm32.10.3-2021.10.win32_1.0.0.202111181127/tools/bin/../lib/gcc/arm-none-eabi/10.3.1/../../../../arm-none-eabi/lib/thumb/v7-m/nofp\libc_nano.a(lib_a-init.o)
                              d:/app/stm32cubeide_1.10.1/stm32cubeide/plugins/com.st.stm32cube.ide.mcu.externaltools.gnu-tools-for-stm32.10.3-2021.10.win32_1.0.0.202111181127/tools/bin/../lib/gcc/arm-none-eabi/10.3.1/../../../../arm-none-eabi/lib/thumb/v7-m/nofp/crt0.o (__libc_init_array)
d:/app/stm32cubeide_1.10.1/stm32cubeide/plugins/com.st.stm32cube.ide.mcu.externaltools.gnu-tools-for-stm32.10.3-2021.10.win32_1.0.0.202111181127/tools/bin/../lib/gcc/arm-none-eabi/10.3.1/../../../../arm-none-eabi/lib/thumb/v7-m/nofp\libc_nano.a(lib_a-memcpy-stub.o)
                              ./Core/Src/MatFun.o (memcpy)
d:/app/stm32cubeide_1.10.1/stm32cubeide/plugins/com.st.stm32cube.ide.mcu.externaltools.gnu-tools-for-stm32.10.3-2021.10.win32_1.0.0.202111181127/tools/bin/../lib/gcc/arm-none-eabi/10.3.1/../../../../arm-none-eabi/lib/thumb/v7-m/nofp\libc_nano.a(lib_a-memset.o)
                              d:/app/stm32cubeide_1.10.1/stm32cubeide/plugins/com.st.stm32cube.ide.mcu.externaltools.gnu-tools-for-stm32.10.3-2021.10.win32_1.0.0.202111181127/tools/bin/../lib/gcc/arm-none-eabi/10.3.1/../../../../arm-none-eabi/lib/thumb/v7-m/nofp/crt0.o (memset)
d:/app/stm32cubeide_1.10.1/stm32cubeide/plugins/com.st.stm32cube.ide.mcu.externaltools.gnu-tools-for-stm32.10.3-2021.10.win32_1.0.0.202111181127/tools/bin/../lib/gcc/arm-none-eabi/10.3.1/../../../../arm-none-eabi/lib/thumb/v7-m/nofp\libc_nano.a(lib_a-nano-vfprintf.o)
                              d:/app/stm32cubeide_1.10.1/stm32cubeide/plugins/com.st.stm32cube.ide.mcu.externaltools.gnu-tools-for-stm32.10.3-2021.10.win32_1.0.0.202111181127/tools/bin/../lib/gcc/arm-none-eabi/10.3.1/../../../../arm-none-eabi/lib/thumb/v7-m/nofp\libc_nano.a(lib_a-fprintf.o) (_vfprintf_r)
d:/app/stm32cubeide_1.10.1/stm32cubeide/plugins/com.st.stm32cube.ide.mcu.externaltools.gnu-tools-for-stm32.10.3-2021.10.win32_1.0.0.202111181127/tools/bin/../lib/gcc/arm-none-eabi/10.3.1/../../../../arm-none-eabi/lib/thumb/v7-m/nofp\libc_nano.a(lib_a-nano-vfprintf_i.o)
                              d:/app/stm32cubeide_1.10.1/stm32cubeide/plugins/com.st.stm32cube.ide.mcu.externaltools.gnu-tools-for-stm32.10.3-2021.10.win32_1.0.0.202111181127/tools/bin/../lib/gcc/arm-none-eabi/10.3.1/../../../../arm-none-eabi/lib/thumb/v7-m/nofp\libc_nano.a(lib_a-nano-vfprintf.o) (_printf_i)
[...]
Memory Configuration

Name             Origin             Length             Attributes
RAM              0x0000000020000000 0x000000000000c000 xrw
FLASH            0x0000000008000000 0x0000000000040000 xr
*default*        0x0000000000000000 0xffffffffffffffff

Linker script and memory map

LOAD d:/app/stm32cubeide_1.10.1/stm32cubeide/plugins/com.st.stm32cube.ide.mcu.externaltools.gnu-tools-for-stm32.10.3-2021.10.win32_1.0.0.202111181127/tools/bin/../lib/gcc/arm-none-eabi/10.3.1/thumb/v7-m/nofp/crti.o
LOAD d:/app/stm32cubeide_1.10.1/stm32cubeide/plugins/com.st.stm32cube.ide.mcu.externaltools.gnu-tools-for-stm32.10.3-2021.10.win32_1.0.0.202111181127/tools/bin/../lib/gcc/arm-none-eabi/10.3.1/thumb/v7-m/nofp/crtbegin.o
LOAD d:/app/stm32cubeide_1.10.1/stm32cubeide/plugins/com.st.stm32cube.ide.mcu.externaltools.gnu-tools-for-stm32.10.3-2021.10.win32_1.0.0.202111181127/tools/bin/../lib/gcc/arm-none-eabi/10.3.1/../../../../arm-none-eabi/lib/thumb/v7-m/nofp/crt0.o
LOAD ./Core/Src/Astar_util.o
LOAD ./Core/Src/MatFun.o
LOAD ./Core/Src/collab_util.o
LOAD ./Core/Src/huansic_jy62lib.o
LOAD ./Core/Src/huansic_malloc.o
LOAD ./Core/Src/huansic_motorlib.o
LOAD ./Core/Src/huansic_xblib.o
LOAD ./Core/Src/main.o
LOAD ./Core/Src/ming_malloc.o
LOAD ./Core/Src/positionpid.o
LOAD ./Core/Src/ssd1306.o
LOAD ./Core/Src/ssd1306_fonts.o
LOAD ./Core/Src/stm32f1xx_hal_msp.o
LOAD ./Core/Src/stm32f1xx_it.o
LOAD ./Core/Src/syscalls.o
LOAD ./Core/Src/sysmem.o
LOAD ./Core/Src/system_stm32f1xx.o
LOAD ./Core/Src/task.o
LOAD ./Core/Src/zigbee_edc24.o
LOAD ./Core/Startup/startup_stm32f103rctx.o
LOAD ./Drivers/STM32F1xx_HAL_Driver/Src/stm32f1xx_hal.o
LOAD ./Drivers/STM32F1xx_HAL_Driver/Src/stm32f1xx_hal_cortex.o
LOAD ./Drivers/STM32F1xx_HAL_Driver/Src/stm32f1xx_hal_dma.o
LOAD ./Drivers/STM32F1xx_HAL_Driver/Src/stm32f1xx_hal_exti.o
LOAD ./Drivers/STM32F1xx_HAL_Driver/Src/stm32f1xx_hal_flash.o
LOAD ./Drivers/STM32F1xx_HAL_Driver/Src/stm32f1xx_hal_flash_ex.o
LOAD ./Drivers/STM32F1xx_HAL_Driver/Src/stm32f1xx_hal_gpio.o
LOAD ./Drivers/STM32F1xx_HAL_Driver/Src/stm32f1xx_hal_gpio_ex.o
LOAD ./Drivers/STM32F1xx_HAL_Driver/Src/stm32f1xx_hal_i2c.o
LOAD ./Drivers/STM32F1xx_HAL_Driver/Src/stm32f1xx_hal_pwr.o
LOAD ./Drivers/STM32F1xx_HAL_Driver/Src/stm32f1xx_hal_rcc.o
LOAD ./Drivers/STM32F1xx_HAL_Driver/Src/stm32f1xx_hal_rcc_ex.o
LOAD ./Drivers/STM32F1xx_HAL_Driver/Src/stm32f1xx_hal_tim.o
LOAD ./Drivers/STM32F1xx_HAL_Driver/Src/stm32f1xx_hal_tim_ex.o
LOAD ./Drivers/STM32F1xx_HAL_Driver/Src/stm32f1xx_hal_uart.o
START GROUP
LOAD d:/app/stm32cubeide_1.10.1/stm32cubeide/plugins/com.st.stm32cube.ide.mcu.externaltools.gnu-tools-for-stm32.10.3-2021.10.win32_1.0.0.202111181127/tools/bin/../lib/gcc/arm-none-eabi/10.3.1/../../../../arm-none-eabi/lib/thumb/v7-m/nofp\libc_nano.a
LOAD d:/app/stm32cubeide_1.10.1/stm32cubeide/plugins/com.st.stm32cube.ide.mcu.externaltools.gnu-tools-for-stm32.10.3-2021.10.win32_1.0.0.202111181127/tools/bin/../lib/gcc/arm-none-eabi/10.3.1/../../../../arm-none-eabi/lib/thumb/v7-m/nofp\libm.a
END GROUP
START GROUP
LOAD d:/app/stm32cubeide_1.10.1/stm32cubeide/plugins/com.st.stm32cube.ide.mcu.externaltools.gnu-tools-for-stm32.10.3-2021.10.win32_1.0.0.202111181127/tools/bin/../lib/gcc/arm-none-eabi/10.3.1/thumb/v7-m/nofp\libgcc.a
LOAD d:/app/stm32cubeide_1.10.1/stm32cubeide/plugins/com.st.stm32cube.ide.mcu.externaltools.gnu-tools-for-stm32.10.3-2021.10.win32_1.0.0.202111181127/tools/bin/../lib/gcc/arm-none-eabi/10.3.1/../../../../arm-none-eabi/lib/thumb/v7-m/nofp\libc_nano.a
END GROUP
START GROUP
LOAD d:/app/stm32cubeide_1.10.1/stm32cubeide/plugins/com.st.stm32cube.ide.mcu.externaltools.gnu-tools-for-stm32.10.3-2021.10.win32_1.0.0.202111181127/tools/bin/../lib/gcc/arm-none-eabi/10.3.1/thumb/v7-m/nofp\libgcc.a
LOAD d:/app/stm32cubeide_1.10.1/stm32cubeide/plugins/com.st.stm32cube.ide.mcu.externaltools.gnu-tools-for-stm32.10.3-2021.10.win32_1.0.0.202111181127/tools/bin/../lib/gcc/arm-none-eabi/10.3.1/../../../../arm-none-eabi/lib/thumb/v7-m/nofp\libc_nano.a
LOAD d:/app/stm32cubeide_1.10.1/stm32cubeide/plugins/com.st.stm32cube.ide.mcu.externaltools.gnu-tools-for-stm32.10.3-2021.10.win32_1.0.0.202111181127/tools/bin/../lib/gcc/arm-none-eabi/10.3.1/../../../../arm-none-eabi/lib/thumb/v7-m/nofp\libnosys.a
END GROUP
START GROUP
LOAD d:/app/stm32cubeide_1.10.1/stm32cubeide/plugins/com.st.stm32cube.ide.mcu.externaltools.gnu-tools-for-stm32.10.3-2021.10.win32_1.0.0.202111181127/tools/bin/../lib/gcc/arm-none-eabi/10.3.1/thumb/v7-m/nofp\libgcc.a
LOAD d:/app/stm32cubeide_1.10.1/stm32cubeide/plugins/com.st.stm32cube.ide.mcu.externaltools.gnu-tools-for-stm32.10.3-2021.10.win32_1.0.0.202111181127/tools/bin/../lib/gcc/arm-none-eabi/10.3.1/../../../../arm-none-eabi/lib/thumb/v7-m/nofp\libc_nano.a
LOAD d:/app/stm32cubeide_1.10.1/stm32cubeide/plugins/com.st.stm32cube.ide.mcu.externaltools.gnu-tools-for-stm32.10.3-2021.10.win32_1.0.0.202111181127/tools/bin/../lib/gcc/arm-none-eabi/10.3.1/../../../../arm-none-eabi/lib/thumb/v7-m/nofp\libnosys.a
END GROUP
LOAD d:/app/stm32cubeide_1.10.1/stm32cubeide/plugins/com.st.stm32cube.ide.mcu.externaltools.gnu-tools-for-stm32.10.3-2021.10.win32_1.0.0.202111181127/tools/bin/../lib/gcc/arm-none-eabi/10.3.1/thumb/v7-m/nofp/crtend.o
LOAD d:/app/stm32cubeide_1.10.1/stm32cubeide/plugins/com.st.stm32cube.ide.mcu.externaltools.gnu-tools-for-stm32.10.3-2021.10.win32_1.0.0.202111181127/tools/bin/../lib/gcc/arm-none-eabi/10.3.1/thumb/v7-m/nofp/crtn.o
                0x000000002000c000                _estack = (ORIGIN (RAM) + LENGTH (RAM))
                0x0000000000000200                _Min_Heap_Size = 0x200
                0x0000000000000400                _Min_Stack_Size = 0x400

.isr_vector     0x0000000008000000      0x1e4
                0x0000000008000000                . = ALIGN (0x4)
 *(.isr_vector)
 .isr_vector    0x0000000008000000      0x1e4 ./Core/Startup/startup_stm32f103rctx.o
                0x0000000008000000                g_pfnVectors
                0x00000000080001e4                . = ALIGN (0x4)

.text           0x00000000080001e8     0xcc54
                0x00000000080001e8                . = ALIGN (0x4)
 *(.text)
 .text          0x00000000080001e8       0x40 d:/app/stm32cubeide_1.10.1/stm32cubeide/plugins/com.st.stm32cube.ide.mcu.externaltools.gnu-tools-for-stm32.10.3-2021.10.win32_1.0.0.202111181127/tools/bin/../lib/gcc/arm-none-eabi/10.3.1/thumb/v7-m/nofp/crtbegin.o
 .text          0x0000000008000228      0x378 d:/app/stm32cubeide_1.10.1/stm32cubeide/plugins/com.st.stm32cube.ide.mcu.externaltools.gnu-tools-for-stm32.10.3-2021.10.win32_1.0.0.202111181127/tools/bin/../lib/gcc/arm-none-eabi/10.3.1/thumb/v7-m/nofp\libgcc.a(_arm_addsubdf3.o)
                0x0000000008000228                __aeabi_drsub
                0x0000000008000230                __aeabi_dsub
                0x0000000008000230                __subdf3
                0x0000000008000234                __aeabi_dadd
                0x0000000008000234                __adddf3
                0x00000000080004ac                __floatunsidf
                0x00000000080004ac                __aeabi_ui2d
                0x00000000080004cc                __floatsidf
                0x00000000080004cc                __aeabi_i2d
                0x00000000080004f0                __aeabi_f2d
                0x00000000080004f0                __extendsfdf2
                0x0000000008000534                __floatundidf
                0x0000000008000534                __aeabi_ul2d
                0x0000000008000544                __floatdidf
                0x0000000008000544                __aeabi_l2d
 .text          0x00000000080005a0      0x424 d:/app/stm32cubeide_1.10.1/stm32cubeide/plugins/com.st.stm32cube.ide.mcu.externaltools.gnu-tools-for-stm32.10.3-2021.10.win32_1.0.0.202111181127/tools/bin/../lib/gcc/arm-none-eabi/10.3.1/thumb/v7-m/nofp\libgcc.a(_arm_muldivdf3.o)
                0x00000000080005a0                __aeabi_dmul
                0x00000000080005a0                __muldf3
                0x00000000080007f4                __divdf3
                0x00000000080007f4                __aeabi_ddiv
 .text          0x00000000080009c4      0x110 d:/app/stm32cubeide_1.10.1/stm32cubeide/plugins/com.st.stm32cube.ide.mcu.externaltools.gnu-tools-for-stm32.10.3-2021.10.win32_1.0.0.202111181127/tools/bin/../lib/gcc/arm-none-eabi/10.3.1/thumb/v7-m/nofp\libgcc.a(_arm_cmpdf2.o)
                0x00000000080009c4                __gtdf2
                0x00000000080009c4                __gedf2
                0x00000000080009cc                __ltdf2
                0x00000000080009cc                __ledf2
                0x00000000080009d4                __nedf2
                0x00000000080009d4                __eqdf2
                0x00000000080009d4                __cmpdf2
                0x0000000008000a50                __aeabi_cdrcmple
                0x0000000008000a60                __aeabi_cdcmpeq
                0x0000000008000a60                __aeabi_cdcmple
                0x0000000008000a70                __aeabi_dcmpeq
                0x0000000008000a84                __aeabi_dcmplt
                0x0000000008000a98                __aeabi_dcmple
                0x0000000008000aac                __aeabi_dcmpge
                0x0000000008000ac0                __aeabi_dcmpgt
 .text          0x0000000008000ad4       0x50 d:/app/stm32cubeide_1.10.1/stm32cubeide/plugins/com.st.stm32cube.ide.mcu.externaltools.gnu-tools-for-stm32.10.3-2021.10.win32_1.0.0.202111181127/tools/bin/../lib/gcc/arm-none-eabi/10.3.1/thumb/v7-m/nofp\libgcc.a(_arm_fixdfsi.o)
                0x0000000008000ad4                __aeabi_d2iz
                0x0000000008000ad4                __fixdfsi
 .text          0x0000000008000b24       0xa0 d:/app/stm32cubeide_1.10.1/stm32cubeide/plugins/com.st.stm32cube.ide.mcu.externaltools.gnu-tools-for-stm32.10.3-2021.10.win32_1.0.0.202111181127/tools/bin/../lib/gcc/arm-none-eabi/10.3.1/thumb/v7-m/nofp\libgcc.a(_arm_truncdfsf2.o)
                0x0000000008000b24                __truncdfsf2
                0x0000000008000b24                __aeabi_d2f
 .text          0x0000000008000bc4      0x21c d:/app/stm32cubeide_1.10.1/stm32cubeide/plugins/com.st.stm32cube.ide.mcu.externaltools.gnu-tools-for-stm32.10.3-2021.10.win32_1.0.0.202111181127/tools/bin/../lib/gcc/arm-none-eabi/10.3.1/thumb/v7-m/nofp\libgcc.a(_arm_addsubsf3.o)
                0x0000000008000bc4                __aeabi_frsub
                0x0000000008000bcc                __subsf3
                0x0000000008000bcc                __aeabi_fsub
                0x0000000008000bd0                __aeabi_fadd
                0x0000000008000bd0                __addsf3
                0x0000000008000d30                __aeabi_ui2f
                0x0000000008000d30                __floatunsisf
                0x0000000008000d38                __aeabi_i2f
                0x0000000008000d38                __floatsisf
                0x0000000008000d54                __aeabi_ul2f
                0x0000000008000d54                __floatundisf
                0x0000000008000d64                __aeabi_l2f
                0x0000000008000d64                __floatdisf
 .text          0x0000000008000de0      0x2a0 d:/app/stm32cubeide_1.10.1/stm32cubeide/plugins/com.st.stm32cube.ide.mcu.externaltools.gnu-tools-for-stm32.10.3-2021.10.win32_1.0.0.202111181127/tools/bin/../lib/gcc/arm-none-eabi/10.3.1/thumb/v7-m/nofp\libgcc.a(_arm_muldivsf3.o)
                0x0000000008000de0                __mulsf3
                0x0000000008000de0                __aeabi_fmul
                0x0000000008000f48                __aeabi_fdiv
                0x0000000008000f48                __divsf3
 .text          0x0000000008001080       0xec d:/app/stm32cubeide_1.10.1/stm32cubeide/plugins/com.st.stm32cube.ide.mcu.externaltools.gnu-tools-for-stm32.10.3-2021.10.win32_1.0.0.202111181127/tools/bin/../lib/gcc/arm-none-eabi/10.3.1/thumb/v7-m/nofp\libgcc.a(_arm_cmpsf2.o)
                0x0000000008001080                __gesf2
                0x0000000008001080                __gtsf2
                0x0000000008001088                __lesf2
                0x0000000008001088                __ltsf2
                0x0000000008001090                __nesf2
                0x0000000008001090                __eqsf2
                0x0000000008001090                __cmpsf2
                0x00000000080010f0                __aeabi_cfrcmple
                0x00000000080010f8                __aeabi_cfcmpeq
                0x00000000080010f8                __aeabi_cfcmple
                0x0000000008001108                __aeabi_fcmpeq
                0x000000000800111c                __aeabi_fcmplt
                0x0000000008001130                __aeabi_fcmple
                0x0000000008001144                __aeabi_fcmpge
                0x0000000008001158                __aeabi_fcmpgt
 .text          0x000000000800116c       0x4c d:/app/stm32cubeide_1.10.1/stm32cubeide/plugins/com.st.stm32cube.ide.mcu.externaltools.gnu-tools-for-stm32.10.3-2021.10.win32_1.0.0.202111181127/tools/bin/../lib/gcc/arm-none-eabi/10.3.1/thumb/v7-m/nofp\libgcc.a(_arm_fixsfsi.o)
                0x000000000800116c                __aeabi_f2iz
                0x000000000800116c                __fixsfsi
 .text          0x00000000080011b8       0x40 d:/app/stm32cubeide_1.10.1/stm32cubeide/plugins/com.st.stm32cube.ide.mcu.externaltools.gnu-tools-for-stm32.10.3-2021.10.win32_1.0.0.202111181127/tools/bin/../lib/gcc/arm-none-eabi/10.3.1/thumb/v7-m/nofp\libgcc.a(_arm_fixunssfsi.o)
                0x00000000080011b8                __fixunssfsi
                0x00000000080011b8                __aeabi_f2uiz
 *(.text*)
 .text.Find_crash
                0x00000000080011f8      0x24c ./Core/Src/Astar_util.o
                0x00000000080011f8                Find_crash
 .text.cal_H    0x0000000008001444       0x52 ./Core/Src/Astar_util.o
                0x0000000008001444                cal_H
 .text.dir      0x0000000008001496       0x50 ./Core/Src/Astar_util.o
                0x0000000008001496                dir
 .text.findend  0x00000000080014e6       0x62 ./Core/Src/Astar_util.o
                0x00000000080014e6                findend
 .text.Find_around_node
                0x0000000008001548      0x598 ./Core/Src/Astar_util.o
                0x0000000008001548                Find_around_node
 .text.A_Star_main
                0x0000000008001ae0      0x334 ./Core/Src/Astar_util.o
                0x0000000008001ae0                A_Star_main
 *fill*         0x0000000008001e14        0x4 
 .text.chao_move_angle
                0x0000000008001e18      0x234 ./Core/Src/collab_util.o
                0x0000000008001e18                chao_move_angle
 .text.mingyan_pathfind_avoidObstacle
                0x000000000800204c       0x1e ./Core/Src/collab_util.o
                0x000000000800204c                mingyan_pathfind_avoidObstacle
 *fill*         0x000000000800206a        0x2 
 .text.huansic_jy62_init
                0x000000000800206c       0x6c ./Core/Src/huansic_jy62lib.o
                0x000000000800206c                huansic_jy62_init
 .text.huansic_jy62_dma_isr
                0x00000000080020d8      0x240 ./Core/Src/huansic_jy62lib.o
                0x00000000080020d8                huansic_jy62_dma_isr
 .text.huansic_jy62_isr
                0x0000000008002318       0x6e ./Core/Src/huansic_jy62lib.o
                0x0000000008002318                huansic_jy62_isr
 .text.huansic_jy62_dma_error
                0x0000000008002386       0x28 ./Core/Src/huansic_jy62lib.o
                0x0000000008002386                huansic_jy62_dma_error
 .text.huansic_jy62_error
                0x00000000080023ae       0x28 ./Core/Src/huansic_jy62lib.o
                0x00000000080023ae                huansic_jy62_error
 *fill*         0x00000000080023d6        0x2 
 .text.__huansic_jy62_decode_accel
                0x00000000080023d8       0xd4 ./Core/Src/huansic_jy62lib.o
 .text.__huansic_jy62_decode_omega
                0x00000000080024ac       0xa8 ./Core/Src/huansic_jy62lib.o
 .text.__huansic_jy62_decode_theta
                0x0000000008002554       0xa8 ./Core/Src/huansic_jy62lib.o
 *fill*         0x00000000080025fc        0x4 
 .text.__huansic_jy62_decode_temp
                0x0000000008002600       0x9c ./Core/Src/huansic_jy62lib.o
 .text.custom_order_free_fault
                0x000000000800269c       0x12 ./Core/Src/huansic_malloc.o
                0x000000000800269c                custom_order_free_fault
 *fill*         0x00000000080026ae        0x2 
 .text.huansic_order_new
                0x00000000080026b0       0xb4 ./Core/Src/huansic_malloc.o
                0x00000000080026b0                huansic_order_new
 .text.huansic_order_delete
                0x0000000008002764       0x2a ./Core/Src/huansic_malloc.o
                0x0000000008002764                huansic_order_delete
 *fill*         0x000000000800278e        0x2 
 .text.huansic_motor_init
                0x0000000008002790      0x17c ./Core/Src/huansic_motorlib.o
                0x0000000008002790                huansic_motor_init
 .text.huansic_motor_pid
                0x000000000800290c      0x2c0 ./Core/Src/huansic_motorlib.o
                0x000000000800290c                huansic_motor_pid
 .text.custom_order_new_failed
                0x0000000008002bcc       0x14 ./Core/Src/huansic_xblib.o
                0x0000000008002bcc                custom_order_new_failed
 .text.huansic_xb_decodeHeader
                0x0000000008002be0       0x7c ./Core/Src/huansic_xblib.o
                0x0000000008002be0                huansic_xb_decodeHeader
 .text.huansic_xb_decodeBody
                0x0000000008002c5c      0x958 ./Core/Src/huansic_xblib.o
                0x0000000008002c5c                huansic_xb_decodeBody
 .text.main     0x00000000080035b4      0x3e8 ./Core/Src/main.o
                0x00000000080035b4                main
 .text.SystemClock_Config
                0x000000000800399c       0x8c ./Core/Src/main.o
                0x000000000800399c                SystemClock_Config
 .text.MX_I2C1_Init
                0x0000000008003a28       0x5c ./Core/Src/main.o
 .text.MX_TIM1_Init
                0x0000000008003a84      0x188 ./Core/Src/main.o
 .text.MX_TIM2_Init
                0x0000000008003c0c       0xa8 ./Core/Src/main.o
 .text.MX_TIM3_Init
                0x0000000008003cb4       0xa8 ./Core/Src/main.o
 .text.MX_TIM4_Init
                0x0000000008003d5c       0xa8 ./Core/Src/main.o
 .text.MX_TIM5_Init
                0x0000000008003e04       0xa8 ./Core/Src/main.o
 .text.MX_TIM6_Init
                0x0000000008003eac       0x6c ./Core/Src/main.o
 .text.MX_TIM8_Init
                0x0000000008003f18      0x188 ./Core/Src/main.o
 .text.MX_USART2_UART_Init
                0x00000000080040a0       0x54 ./Core/Src/main.o
 .text.MX_USART3_UART_Init
                0x00000000080040f4       0x54 ./Core/Src/main.o
 .text.MX_DMA_Init
                0x0000000008004148       0x4c ./Core/Src/main.o
 .text.MX_GPIO_Init
                0x0000000008004194       0xac ./Core/Src/main.o
 .text.HUAN_MOTOR1_Init
                0x0000000008004240       0x68 ./Core/Src/main.o
 .text.HUAN_MOTOR2_Init
                0x00000000080042a8       0x68 ./Core/Src/main.o
 .text.HUAN_MOTOR3_Init
                0x0000000008004310       0x68 ./Core/Src/main.o
 .text.HUAN_MOTOR4_Init
                0x0000000008004378       0x68 ./Core/Src/main.o
 .text.HUAN_IMU_Init
                0x00000000080043e0       0x1c ./Core/Src/main.o
 .text.MING_zigbee_Init
                0x00000000080043fc       0x14 ./Core/Src/main.o
 .text.HAL_UART_RxCpltCallback
                0x0000000008004410       0x38 ./Core/Src/main.o
                0x0000000008004410                HAL_UART_RxCpltCallback
 .text.HAL_UART_ErrorCallback
                0x0000000008004448       0x6c ./Core/Src/main.o
                0x0000000008004448                HAL_UART_ErrorCallback
 .text.Error_Handler
                0x00000000080044b4        0xa ./Core/Src/main.o
                0x00000000080044b4                Error_Handler
 *fill*         0x00000000080044be        0x2 
 .text.Lane_init
                0x00000000080044c0       0x1c ./Core/Src/ming_malloc.o
                0x00000000080044c0                Lane_init
 .text.queue_append
                0x00000000080044dc      0x114 ./Core/Src/ming_malloc.o
                0x00000000080044dc                queue_append
 .text.list_append
                0x00000000080045f0       0x5c ./Core/Src/ming_malloc.o
                0x00000000080045f0                list_append
 .text.queue_top
                0x000000000800464c       0x40 ./Core/Src/ming_malloc.o
                0x000000000800464c                queue_top
 .text.findin_queue
                0x000000000800468c       0x5c ./Core/Src/ming_malloc.o
                0x000000000800468c                findin_queue
 .text.findin_list
                0x00000000080046e8       0x4c ./Core/Src/ming_malloc.o
                0x00000000080046e8                findin_list
 .text.editcost
                0x0000000008004734       0x94 ./Core/Src/ming_malloc.o
                0x0000000008004734                editcost
 .text.Insert_inLane
                0x00000000080047c8       0x70 ./Core/Src/ming_malloc.o
                0x00000000080047c8                Insert_inLane
 .text.order_list_init
                0x0000000008004838       0x1c ./Core/Src/ming_malloc.o
                0x0000000008004838                order_list_init
 .text.order_append
                0x0000000008004854       0x80 ./Core/Src/ming_malloc.o
                0x0000000008004854                order_append
 .text.Get_nearest_order
                0x00000000080048d4      0x100 ./Core/Src/ming_malloc.o
                0x00000000080048d4                Get_nearest_order
 .text.GotoDestination
                0x00000000080049d4      0x1ec ./Core/Src/positionpid.o
                0x00000000080049d4                GotoDestination
 .text.Angle_normalization
                0x0000000008004bc0       0x54 ./Core/Src/positionpid.o
                0x0000000008004bc0                Angle_normalization
 .text.CalSpeed
                0x0000000008004c14       0x7c ./Core/Src/positionpid.o
                0x0000000008004c14                CalSpeed
 .text.CheckCoord
                0x0000000008004c90       0x4c ./Core/Src/positionpid.o
                0x0000000008004c90                CheckCoord
 .text.Get_v_x  0x0000000008004cdc       0x8c ./Core/Src/positionpid.o
                0x0000000008004cdc                Get_v_x
 .text.Get_v_y  0x0000000008004d68       0x8c ./Core/Src/positionpid.o
                0x0000000008004d68                Get_v_y
 *fill*         0x0000000008004df4        0x4 
 .text.Position_P
                0x0000000008004df8      0x250 ./Core/Src/positionpid.o
                0x0000000008004df8                Position_P
 .text.ssd1306_Reset
                0x0000000008005048        0xc ./Core/Src/ssd1306.o
                0x0000000008005048                ssd1306_Reset
 .text.ssd1306_WriteCommand
                0x0000000008005054       0x30 ./Core/Src/ssd1306.o
                0x0000000008005054                ssd1306_WriteCommand
 .text.ssd1306_WriteData
                0x0000000008005084       0x34 ./Core/Src/ssd1306.o
                0x0000000008005084                ssd1306_WriteData
 .text.ssd1306_Init
                0x00000000080050b8       0xd4 ./Core/Src/ssd1306.o
                0x00000000080050b8                ssd1306_Init
 .text.ssd1306_Fill
                0x000000000800518c       0x44 ./Core/Src/ssd1306.o
                0x000000000800518c                ssd1306_Fill
 .text.ssd1306_UpdateScreen
                0x00000000080051d0       0x50 ./Core/Src/ssd1306.o
                0x00000000080051d0                ssd1306_UpdateScreen
 .text.ssd1306_DrawPixel
                0x0000000008005220       0xa4 ./Core/Src/ssd1306.o
                0x0000000008005220                ssd1306_DrawPixel
 .text.ssd1306_WriteChar
                0x00000000080052c4      0x110 ./Core/Src/ssd1306.o
                0x00000000080052c4                ssd1306_WriteChar
 .text.ssd1306_WriteString
                0x00000000080053d4       0x4c ./Core/Src/ssd1306.o
                0x00000000080053d4                ssd1306_WriteString
 .text.ssd1306_SetContrast
                0x0000000008005420       0x26 ./Core/Src/ssd1306.o
                0x0000000008005420                ssd1306_SetContrast
 *fill*         0x0000000008005446        0x2 
 .text.ssd1306_SetDisplayOn
                0x0000000008005448       0x3c ./Core/Src/ssd1306.o
                0x0000000008005448                ssd1306_SetDisplayOn
 .text.HAL_MspInit
                0x0000000008005484       0x64 ./Core/Src/stm32f1xx_hal_msp.o
                0x0000000008005484                HAL_MspInit
 .text.HAL_I2C_MspInit
                0x00000000080054e8       0xa0 ./Core/Src/stm32f1xx_hal_msp.o
                0x00000000080054e8                HAL_I2C_MspInit
 .text.HAL_TIM_Base_MspInit
                0x0000000008005588       0x9c ./Core/Src/stm32f1xx_hal_msp.o
                0x0000000008005588                HAL_TIM_Base_MspInit
 .text.HAL_TIM_Encoder_MspInit
                0x0000000008005624      0x1e0 ./Core/Src/stm32f1xx_hal_msp.o
                0x0000000008005624                HAL_TIM_Encoder_MspInit
 .text.HAL_TIM_MspPostInit
                0x0000000008005804       0xac ./Core/Src/stm32f1xx_hal_msp.o
                0x0000000008005804                HAL_TIM_MspPostInit
 .text.HAL_UART_MspInit
                0x00000000080058b0      0x1ec ./Core/Src/stm32f1xx_hal_msp.o
                0x00000000080058b0                HAL_UART_MspInit
 .text.NMI_Handler
                0x0000000008005a9c        0x6 ./Core/Src/stm32f1xx_it.o
                0x0000000008005a9c                NMI_Handler
 .text.HardFault_Handler
                0x0000000008005aa2        0x6 ./Core/Src/stm32f1xx_it.o
                0x0000000008005aa2                HardFault_Handler
 .text.MemManage_Handler
                0x0000000008005aa8        0x6 ./Core/Src/stm32f1xx_it.o
                0x0000000008005aa8                MemManage_Handler
 .text.BusFault_Handler
                0x0000000008005aae        0x6 ./Core/Src/stm32f1xx_it.o
                0x0000000008005aae                BusFault_Handler
 .text.UsageFault_Handler
                0x0000000008005ab4        0x6 ./Core/Src/stm32f1xx_it.o
                0x0000000008005ab4                UsageFault_Handler
 .text.SVC_Handler
                0x0000000008005aba        0xc ./Core/Src/stm32f1xx_it.o
                0x0000000008005aba                SVC_Handler
 .text.DebugMon_Handler
                0x0000000008005ac6        0xc ./Core/Src/stm32f1xx_it.o
                0x0000000008005ac6                DebugMon_Handler
 .text.PendSV_Handler
                0x0000000008005ad2        0xc ./Core/Src/stm32f1xx_it.o
                0x0000000008005ad2                PendSV_Handler
 .text.SysTick_Handler
                0x0000000008005ade        0xc ./Core/Src/stm32f1xx_it.o
                0x0000000008005ade                SysTick_Handler
 *fill*         0x0000000008005aea        0x2 
 .text.DMA1_Channel3_IRQHandler
                0x0000000008005aec       0x14 ./Core/Src/stm32f1xx_it.o
                0x0000000008005aec                DMA1_Channel3_IRQHandler
 .text.DMA1_Channel6_IRQHandler
                0x0000000008005b00       0x2c ./Core/Src/stm32f1xx_it.o
                0x0000000008005b00                DMA1_Channel6_IRQHandler
 .text.USART3_IRQHandler
                0x0000000008005b2c       0x14 ./Core/Src/stm32f1xx_it.o
                0x0000000008005b2c                USART3_IRQHandler
 .text.TIM6_IRQHandler
                0x0000000008005b40       0x3c ./Core/Src/stm32f1xx_it.o
                0x0000000008005b40                TIM6_IRQHandler
 .text._getpid  0x0000000008005b7c        0xe ./Core/Src/syscalls.o
                0x0000000008005b7c                _getpid
 .text._kill    0x0000000008005b8a       0x20 ./Core/Src/syscalls.o
                0x0000000008005b8a                _kill
 .text._exit    0x0000000008005baa       0x14 ./Core/Src/syscalls.o
                0x0000000008005baa                _exit
 .text._read    0x0000000008005bbe       0x3a ./Core/Src/syscalls.o
                0x0000000008005bbe                _read
 .text._write   0x0000000008005bf8       0x38 ./Core/Src/syscalls.o
                0x0000000008005bf8                _write
 .text._close   0x0000000008005c30       0x16 ./Core/Src/syscalls.o
                0x0000000008005c30                _close
 .text._fstat   0x0000000008005c46       0x1e ./Core/Src/syscalls.o
                0x0000000008005c46                _fstat
 .text._isatty  0x0000000008005c64       0x14 ./Core/Src/syscalls.o
                0x0000000008005c64                _isatty
 .text._lseek   0x0000000008005c78       0x18 ./Core/Src/syscalls.o
                0x0000000008005c78                _lseek
 .text._sbrk    0x0000000008005c90       0x6c ./Core/Src/sysmem.o
                0x0000000008005c90                _sbrk
 .text.SystemInit
                0x0000000008005cfc        0xc ./Core/Src/system_stm32f1xx.o
                0x0000000008005cfc                SystemInit
 .text.Cal_Battery_Coord
                0x0000000008005d08      0x12c ./Core/Src/task.o
                0x0000000008005d08                Cal_Battery_Coord
 .text.Get_nearest_consumer
                0x0000000008005e34      0x10c ./Core/Src/task.o
                0x0000000008005e34                Get_nearest_consumer
 .text.Get_nearest_Beacon
                0x0000000008005f40       0xa8 ./Core/Src/task.o
                0x0000000008005f40                Get_nearest_Beacon
 .text.HAL_UARTEx_RxEventCallback
                0x0000000008005fe8       0x6c ./Core/Src/zigbee_edc24.o
                0x0000000008005fe8                HAL_UARTEx_RxEventCallback
 .text.CalculateChecksum
                0x0000000008006054       0x3c ./Core/Src/zigbee_edc24.o
 .text.change_float_data
                0x0000000008006090       0x1a ./Core/Src/zigbee_edc24.o
 *fill*         0x00000000080060aa        0x2 
 .text.zigbee_Init
                0x00000000080060ac       0x5c ./Core/Src/zigbee_edc24.o
                0x00000000080060ac                zigbee_Init
 .text.zigbeeMessageRecord
                0x0000000008006108      0x154 ./Core/Src/zigbee_edc24.o
                0x0000000008006108                zigbeeMessageRecord
 .text.getGameStatus
                0x000000000800625c       0x28 ./Core/Src/zigbee_edc24.o
                0x000000000800625c                getGameStatus
 .text.getVehiclePos
                0x0000000008006284       0x3c ./Core/Src/zigbee_edc24.o
                0x0000000008006284                getVehiclePos
 .text.getRemainDist
                0x00000000080062c0       0x1c ./Core/Src/zigbee_edc24.o
                0x00000000080062c0                getRemainDist
 .text.getOrderNum
                0x00000000080062dc       0x14 ./Core/Src/zigbee_edc24.o
                0x00000000080062dc                getOrderNum
 .text.getOneOrder
                0x00000000080062f0       0xc8 ./Core/Src/zigbee_edc24.o
                0x00000000080062f0                getOneOrder
 .text.getLatestPendingOrder
                0x00000000080063b8       0xc8 ./Core/Src/zigbee_edc24.o
                0x00000000080063b8                getLatestPendingOrder
 .text.getGameStage
                0x0000000008006480       0x1c ./Core/Src/zigbee_edc24.o
                0x0000000008006480                getGameStage
 .text.getOneBarrier
                0x000000000800649c       0x68 ./Core/Src/zigbee_edc24.o
                0x000000000800649c                getOneBarrier
 .text.setChargingPile
                0x0000000008006504       0x20 ./Core/Src/zigbee_edc24.o
                0x0000000008006504                setChargingPile
 .text.Reset_Handler
                0x0000000008006524       0x48 ./Core/Startup/startup_stm32f103rctx.o
                0x0000000008006524                Reset_Handler
 .text.Default_Handler
                0x000000000800656c        0x2 ./Core/Startup/startup_stm32f103rctx.o
                0x000000000800656c                RTC_Alarm_IRQHandler
                0x000000000800656c                EXTI2_IRQHandler
                0x000000000800656c                TIM8_TRG_COM_IRQHandler
                0x000000000800656c                TIM8_CC_IRQHandler
                0x000000000800656c                TIM1_CC_IRQHandler
                0x000000000800656c                PVD_IRQHandler
                0x000000000800656c                SDIO_IRQHandler
                0x000000000800656c                EXTI3_IRQHandler
                0x000000000800656c                EXTI0_IRQHandler
                0x000000000800656c                I2C2_EV_IRQHandler
                0x000000000800656c                ADC1_2_IRQHandler
                0x000000000800656c                SPI1_IRQHandler
                0x000000000800656c                TAMPER_IRQHandler
                0x000000000800656c                TIM8_UP_IRQHandler
                0x000000000800656c                DMA2_Channel2_IRQHandler
                0x000000000800656c                DMA1_Channel4_IRQHandler
                0x000000000800656c                RTC_IRQHandler
                0x000000000800656c                DMA1_Channel7_IRQHandler
                0x000000000800656c                CAN1_RX1_IRQHandler
                0x000000000800656c                UART5_IRQHandler
                0x000000000800656c                ADC3_IRQHandler
                0x000000000800656c                TIM4_IRQHandler
                0x000000000800656c                DMA2_Channel1_IRQHandler
                0x000000000800656c                I2C1_EV_IRQHandler
                0x000000000800656c                UART4_IRQHandler
                0x000000000800656c                TIM3_IRQHandler
                0x000000000800656c                RCC_IRQHandler
                0x000000000800656c                TIM1_TRG_COM_IRQHandler
                0x000000000800656c                DMA1_Channel1_IRQHandler
                0x000000000800656c                Default_Handler
                0x000000000800656c                EXTI15_10_IRQHandler
                0x000000000800656c                TIM7_IRQHandler
                0x000000000800656c                TIM5_IRQHandler
                0x000000000800656c                EXTI9_5_IRQHandler
                0x000000000800656c                SPI2_IRQHandler
                0x000000000800656c                DMA1_Channel5_IRQHandler
                0x000000000800656c                EXTI4_IRQHandler
                0x000000000800656c                USB_LP_CAN1_RX0_IRQHandler
                0x000000000800656c                USB_HP_CAN1_TX_IRQHandler
                0x000000000800656c                FSMC_IRQHandler
                0x000000000800656c                TIM1_UP_IRQHandler
                0x000000000800656c                WWDG_IRQHandler
                0x000000000800656c                TIM2_IRQHandler
                0x000000000800656c                TIM1_BRK_IRQHandler
                0x000000000800656c                EXTI1_IRQHandler
                0x000000000800656c                DMA2_Channel4_5_IRQHandler
                0x000000000800656c                USART2_IRQHandler
                0x000000000800656c                I2C2_ER_IRQHandler
                0x000000000800656c                DMA1_Channel2_IRQHandler
                0x000000000800656c                TIM8_BRK_IRQHandler
                0x000000000800656c                CAN1_SCE_IRQHandler
                0x000000000800656c                FLASH_IRQHandler
                0x000000000800656c                USART1_IRQHandler
                0x000000000800656c                SPI3_IRQHandler
                0x000000000800656c                I2C1_ER_IRQHandler
                0x000000000800656c                USBWakeUp_IRQHandler
                0x000000000800656c                DMA2_Channel3_IRQHandler
 *fill*         0x000000000800656e        0x2 
 .text.HAL_Init
                0x0000000008006570       0x2c ./Drivers/STM32F1xx_HAL_Driver/Src/stm32f1xx_hal.o
                0x0000000008006570                HAL_Init
 .text.HAL_InitTick
                0x000000000800659c       0x60 ./Drivers/STM32F1xx_HAL_Driver/Src/stm32f1xx_hal.o
                0x000000000800659c                HAL_InitTick
 .text.HAL_IncTick
                0x00000000080065fc       0x24 ./Drivers/STM32F1xx_HAL_Driver/Src/stm32f1xx_hal.o
                0x00000000080065fc                HAL_IncTick
 .text.HAL_GetTick
                0x0000000008006620       0x14 ./Drivers/STM32F1xx_HAL_Driver/Src/stm32f1xx_hal.o
                0x0000000008006620                HAL_GetTick
 .text.HAL_Delay
                0x0000000008006634       0x48 ./Drivers/STM32F1xx_HAL_Driver/Src/stm32f1xx_hal.o
                0x0000000008006634                HAL_Delay
 .text.__NVIC_SetPriorityGrouping
                0x000000000800667c       0x48 ./Drivers/STM32F1xx_HAL_Driver/Src/stm32f1xx_hal_cortex.o
 .text.__NVIC_GetPriorityGrouping
                0x00000000080066c4       0x1c ./Drivers/STM32F1xx_HAL_Driver/Src/stm32f1xx_hal_cortex.o
 .text.__NVIC_EnableIRQ
                0x00000000080066e0       0x38 ./Drivers/STM32F1xx_HAL_Driver/Src/stm32f1xx_hal_cortex.o
 .text.__NVIC_SetPriority
                0x0000000008006718       0x54 ./Drivers/STM32F1xx_HAL_Driver/Src/stm32f1xx_hal_cortex.o
 .text.NVIC_EncodePriority
                0x000000000800676c       0x64 ./Drivers/STM32F1xx_HAL_Driver/Src/stm32f1xx_hal_cortex.o
 .text.SysTick_Config
                0x00000000080067d0       0x44 ./Drivers/STM32F1xx_HAL_Driver/Src/stm32f1xx_hal_cortex.o
 .text.HAL_NVIC_SetPriorityGrouping
                0x0000000008006814       0x16 ./Drivers/STM32F1xx_HAL_Driver/Src/stm32f1xx_hal_cortex.o
                0x0000000008006814                HAL_NVIC_SetPriorityGrouping
 .text.HAL_NVIC_SetPriority
                0x000000000800682a       0x38 ./Drivers/STM32F1xx_HAL_Driver/Src/stm32f1xx_hal_cortex.o
                0x000000000800682a                HAL_NVIC_SetPriority
 .text.HAL_NVIC_EnableIRQ
                0x0000000008006862       0x1c ./Drivers/STM32F1xx_HAL_Driver/Src/stm32f1xx_hal_cortex.o
                0x0000000008006862                HAL_NVIC_EnableIRQ
 .text.HAL_SYSTICK_Config
                0x000000000800687e       0x18 ./Drivers/STM32F1xx_HAL_Driver/Src/stm32f1xx_hal_cortex.o
                0x000000000800687e                HAL_SYSTICK_Config
 *fill*         0x0000000008006896        0x2 
 .text.HAL_DMA_Init
                0x0000000008006898       0xec ./Drivers/STM32F1xx_HAL_Driver/Src/stm32f1xx_hal_dma.o
                0x0000000008006898                HAL_DMA_Init
 .text.HAL_DMA_Start_IT
                0x0000000008006984       0xbe ./Drivers/STM32F1xx_HAL_Driver/Src/stm32f1xx_hal_dma.o
                0x0000000008006984                HAL_DMA_Start_IT
 .text.HAL_DMA_Abort
                0x0000000008006a42       0x74 ./Drivers/STM32F1xx_HAL_Driver/Src/stm32f1xx_hal_dma.o
                0x0000000008006a42                HAL_DMA_Abort
 *fill*         0x0000000008006ab6        0x2 
 .text.HAL_DMA_Abort_IT
                0x0000000008006ab8      0x210 ./Drivers/STM32F1xx_HAL_Driver/Src/stm32f1xx_hal_dma.o
                0x0000000008006ab8                HAL_DMA_Abort_IT
 .text.HAL_DMA_IRQHandler
                0x0000000008006cc8      0x478 ./Drivers/STM32F1xx_HAL_Driver/Src/stm32f1xx_hal_dma.o
                0x0000000008006cc8                HAL_DMA_IRQHandler
 .text.DMA_SetConfig
                0x0000000008007140       0x5a ./Drivers/STM32F1xx_HAL_Driver/Src/stm32f1xx_hal_dma.o
 *fill*         0x000000000800719a        0x2 
 .text.HAL_GPIO_Init
                0x000000000800719c      0x328 ./Drivers/STM32F1xx_HAL_Driver/Src/stm32f1xx_hal_gpio.o
                0x000000000800719c                HAL_GPIO_Init
 .text.HAL_GPIO_WritePin
                0x00000000080074c4       0x30 ./Drivers/STM32F1xx_HAL_Driver/Src/stm32f1xx_hal_gpio.o
                0x00000000080074c4                HAL_GPIO_WritePin
 .text.HAL_I2C_Init
                0x00000000080074f4      0x288 ./Drivers/STM32F1xx_HAL_Driver/Src/stm32f1xx_hal_i2c.o
                0x00000000080074f4                HAL_I2C_Init
 .text.HAL_I2C_Mem_Write
                0x000000000800777c      0x1f4 ./Drivers/STM32F1xx_HAL_Driver/Src/stm32f1xx_hal_i2c.o
                0x000000000800777c                HAL_I2C_Mem_Write
 .text.I2C_RequestMemoryWrite
                0x0000000008007970      0x12c ./Drivers/STM32F1xx_HAL_Driver/Src/stm32f1xx_hal_i2c.o
 .text.I2C_WaitOnFlagUntilTimeout
                0x0000000008007a9c       0xae ./Drivers/STM32F1xx_HAL_Driver/Src/stm32f1xx_hal_i2c.o
 .text.I2C_WaitOnMasterAddressFlagUntilTimeout
                0x0000000008007b4a       0xfe ./Drivers/STM32F1xx_HAL_Driver/Src/stm32f1xx_hal_i2c.o
 .text.I2C_WaitOnTXEFlagUntilTimeout
                0x0000000008007c48       0x82 ./Drivers/STM32F1xx_HAL_Driver/Src/stm32f1xx_hal_i2c.o
 .text.I2C_WaitOnBTFFlagUntilTimeout
                0x0000000008007cca       0x82 ./Drivers/STM32F1xx_HAL_Driver/Src/stm32f1xx_hal_i2c.o
 .text.I2C_IsAcknowledgeFailed
                0x0000000008007d4c       0x5c ./Drivers/STM32F1xx_HAL_Driver/Src/stm32f1xx_hal_i2c.o
 .text.HAL_RCC_OscConfig
                0x0000000008007da8      0x504 ./Drivers/STM32F1xx_HAL_Driver/Src/stm32f1xx_hal_rcc.o
                0x0000000008007da8                HAL_RCC_OscConfig
 .text.HAL_RCC_ClockConfig
                0x00000000080082ac      0x1d4 ./Drivers/STM32F1xx_HAL_Driver/Src/stm32f1xx_hal_rcc.o
                0x00000000080082ac                HAL_RCC_ClockConfig
 .text.HAL_RCC_GetSysClockFreq
                0x0000000008008480       0xc0 ./Drivers/STM32F1xx_HAL_Driver/Src/stm32f1xx_hal_rcc.o
                0x0000000008008480                HAL_RCC_GetSysClockFreq
 .text.HAL_RCC_GetHCLKFreq
                0x0000000008008540       0x14 ./Drivers/STM32F1xx_HAL_Driver/Src/stm32f1xx_hal_rcc.o
                0x0000000008008540                HAL_RCC_GetHCLKFreq
 .text.HAL_RCC_GetPCLK1Freq
                0x0000000008008554       0x28 ./Drivers/STM32F1xx_HAL_Driver/Src/stm32f1xx_hal_rcc.o
                0x0000000008008554                HAL_RCC_GetPCLK1Freq
 .text.HAL_RCC_GetPCLK2Freq
                0x000000000800857c       0x28 ./Drivers/STM32F1xx_HAL_Driver/Src/stm32f1xx_hal_rcc.o
                0x000000000800857c                HAL_RCC_GetPCLK2Freq
 .text.RCC_Delay
                0x00000000080085a4       0x3c ./Drivers/STM32F1xx_HAL_Driver/Src/stm32f1xx_hal_rcc.o
 .text.HAL_TIM_Base_Init
                0x00000000080085e0       0x9e ./Drivers/STM32F1xx_HAL_Driver/Src/stm32f1xx_hal_tim.o
                0x00000000080085e0                HAL_TIM_Base_Init
 *fill*         0x000000000800867e        0x2 
 .text.HAL_TIM_Base_Start_IT
                0x0000000008008680       0xc0 ./Drivers/STM32F1xx_HAL_Driver/Src/stm32f1xx_hal_tim.o
                0x0000000008008680                HAL_TIM_Base_Start_IT
 .text.HAL_TIM_PWM_Init
                0x0000000008008740       0x9e ./Drivers/STM32F1xx_HAL_Driver/Src/stm32f1xx_hal_tim.o
                0x0000000008008740                HAL_TIM_PWM_Init
 .text.HAL_TIM_PWM_MspInit
                0x00000000080087de       0x12 ./Drivers/STM32F1xx_HAL_Driver/Src/stm32f1xx_hal_tim.o
                0x00000000080087de                HAL_TIM_PWM_MspInit
 .text.HAL_TIM_PWM_Start
                0x00000000080087f0      0x174 ./Drivers/STM32F1xx_HAL_Driver/Src/stm32f1xx_hal_tim.o
                0x00000000080087f0                HAL_TIM_PWM_Start
 .text.HAL_TIM_Encoder_Init
                0x0000000008008964      0x144 ./Drivers/STM32F1xx_HAL_Driver/Src/stm32f1xx_hal_tim.o
                0x0000000008008964                HAL_TIM_Encoder_Init
 .text.HAL_TIM_Encoder_Start
                0x0000000008008aa8      0x11c ./Drivers/STM32F1xx_HAL_Driver/Src/stm32f1xx_hal_tim.o
                0x0000000008008aa8                HAL_TIM_Encoder_Start
 .text.HAL_TIM_IRQHandler
                0x0000000008008bc4      0x210 ./Drivers/STM32F1xx_HAL_Driver/Src/stm32f1xx_hal_tim.o
                0x0000000008008bc4                HAL_TIM_IRQHandler
 .text.HAL_TIM_PWM_ConfigChannel
                0x0000000008008dd4      0x17c ./Drivers/STM32F1xx_HAL_Driver/Src/stm32f1xx_hal_tim.o
                0x0000000008008dd4                HAL_TIM_PWM_ConfigChannel
 .text.HAL_TIM_ConfigClockSource
                0x0000000008008f50      0x188 ./Drivers/STM32F1xx_HAL_Driver/Src/stm32f1xx_hal_tim.o
                0x0000000008008f50                HAL_TIM_ConfigClockSource
 .text.HAL_TIM_PeriodElapsedCallback
                0x00000000080090d8       0x12 ./Drivers/STM32F1xx_HAL_Driver/Src/stm32f1xx_hal_tim.o
                0x00000000080090d8                HAL_TIM_PeriodElapsedCallback
 .text.HAL_TIM_OC_DelayElapsedCallback
                0x00000000080090ea       0x12 ./Drivers/STM32F1xx_HAL_Driver/Src/stm32f1xx_hal_tim.o
                0x00000000080090ea                HAL_TIM_OC_DelayElapsedCallback
 .text.HAL_TIM_IC_CaptureCallback
                0x00000000080090fc       0x12 ./Drivers/STM32F1xx_HAL_Driver/Src/stm32f1xx_hal_tim.o
                0x00000000080090fc                HAL_TIM_IC_CaptureCallback
 .text.HAL_TIM_PWM_PulseFinishedCallback
                0x000000000800910e       0x12 ./Drivers/STM32F1xx_HAL_Driver/Src/stm32f1xx_hal_tim.o
                0x000000000800910e                HAL_TIM_PWM_PulseFinishedCallback
 .text.HAL_TIM_TriggerCallback
                0x0000000008009120       0x12 ./Drivers/STM32F1xx_HAL_Driver/Src/stm32f1xx_hal_tim.o
                0x0000000008009120                HAL_TIM_TriggerCallback
 *fill*         0x0000000008009132        0x2 
 .text.TIM_Base_SetConfig
                0x0000000008009134       0xf4 ./Drivers/STM32F1xx_HAL_Driver/Src/stm32f1xx_hal_tim.o
                0x0000000008009134                TIM_Base_SetConfig
 .text.TIM_OC1_SetConfig
                0x0000000008009228       0xe0 ./Drivers/STM32F1xx_HAL_Driver/Src/stm32f1xx_hal_tim.o
 .text.TIM_OC2_SetConfig
                0x0000000008009308       0xe8 ./Drivers/STM32F1xx_HAL_Driver/Src/stm32f1xx_hal_tim.o
                0x0000000008009308                TIM_OC2_SetConfig
 .text.TIM_OC3_SetConfig
                0x00000000080093f0       0xe8 ./Drivers/STM32F1xx_HAL_Driver/Src/stm32f1xx_hal_tim.o
 .text.TIM_OC4_SetConfig
                0x00000000080094d8       0xa8 ./Drivers/STM32F1xx_HAL_Driver/Src/stm32f1xx_hal_tim.o
 .text.TIM_TI1_ConfigInputStage
                0x0000000008009580       0x5c ./Drivers/STM32F1xx_HAL_Driver/Src/stm32f1xx_hal_tim.o
 .text.TIM_TI2_ConfigInputStage
                0x00000000080095dc       0x5e ./Drivers/STM32F1xx_HAL_Driver/Src/stm32f1xx_hal_tim.o
 .text.TIM_ITRx_SetConfig
                0x000000000800963a       0x34 ./Drivers/STM32F1xx_HAL_Driver/Src/stm32f1xx_hal_tim.o
 .text.TIM_ETR_SetConfig
                0x000000000800966e       0x3e ./Drivers/STM32F1xx_HAL_Driver/Src/stm32f1xx_hal_tim.o
                0x000000000800966e                TIM_ETR_SetConfig
 .text.TIM_CCxChannelCmd
                0x00000000080096ac       0x48 ./Drivers/STM32F1xx_HAL_Driver/Src/stm32f1xx_hal_tim.o
                0x00000000080096ac                TIM_CCxChannelCmd
 .text.HAL_TIMEx_MasterConfigSynchronization
                0x00000000080096f4       0xd8 ./Drivers/STM32F1xx_HAL_Driver/Src/stm32f1xx_hal_tim_ex.o
                0x00000000080096f4                HAL_TIMEx_MasterConfigSynchronization
 .text.HAL_TIMEx_ConfigBreakDeadTime
                0x00000000080097cc       0xa2 ./Drivers/STM32F1xx_HAL_Driver/Src/stm32f1xx_hal_tim_ex.o
                0x00000000080097cc                HAL_TIMEx_ConfigBreakDeadTime
 .text.HAL_TIMEx_CommutCallback
                0x000000000800986e       0x12 ./Drivers/STM32F1xx_HAL_Driver/Src/stm32f1xx_hal_tim_ex.o
                0x000000000800986e                HAL_TIMEx_CommutCallback
 .text.HAL_TIMEx_BreakCallback
                0x0000000008009880       0x12 ./Drivers/STM32F1xx_HAL_Driver/Src/stm32f1xx_hal_tim_ex.o
                0x0000000008009880                HAL_TIMEx_BreakCallback
 .text.HAL_UART_Init
                0x0000000008009892       0x9a ./Drivers/STM32F1xx_HAL_Driver/Src/stm32f1xx_hal_uart.o
                0x0000000008009892                HAL_UART_Init
 .text.HAL_UART_Transmit
                0x000000000800992c      0x124 ./Drivers/STM32F1xx_HAL_Driver/Src/stm32f1xx_hal_uart.o
                0x000000000800992c                HAL_UART_Transmit
 .text.HAL_UART_Receive_IT
                0x0000000008009a50       0x60 ./Drivers/STM32F1xx_HAL_Driver/Src/stm32f1xx_hal_uart.o
                0x0000000008009a50                HAL_UART_Receive_IT
 .text.HAL_UART_Receive_DMA
                0x0000000008009ab0       0x60 ./Drivers/STM32F1xx_HAL_Driver/Src/stm32f1xx_hal_uart.o
                0x0000000008009ab0                HAL_UART_Receive_DMA
 .text.HAL_UARTEx_ReceiveToIdle_DMA
                0x0000000008009b10       0x9e ./Drivers/STM32F1xx_HAL_Driver/Src/stm32f1xx_hal_uart.o
                0x0000000008009b10                HAL_UARTEx_ReceiveToIdle_DMA
 *fill*         0x0000000008009bae        0x2 
 .text.HAL_UART_IRQHandler
                0x0000000008009bb0      0x354 ./Drivers/STM32F1xx_HAL_Driver/Src/stm32f1xx_hal_uart.o
                0x0000000008009bb0                HAL_UART_IRQHandler
 .text.HAL_UART_TxCpltCallback
                0x0000000008009f04       0x12 ./Drivers/STM32F1xx_HAL_Driver/Src/stm32f1xx_hal_uart.o
                0x0000000008009f04                HAL_UART_TxCpltCallback
 .text.HAL_UART_RxHalfCpltCallback
                0x0000000008009f16       0x12 ./Drivers/STM32F1xx_HAL_Driver/Src/stm32f1xx_hal_uart.o
                0x0000000008009f16                HAL_UART_RxHalfCpltCallback
 .text.UART_DMAReceiveCplt
                0x0000000008009f28       0x96 ./Drivers/STM32F1xx_HAL_Driver/Src/stm32f1xx_hal_uart.o
 .text.UART_DMARxHalfCplt
                0x0000000008009fbe       0x36 ./Drivers/STM32F1xx_HAL_Driver/Src/stm32f1xx_hal_uart.o
 .text.UART_DMAError
                0x0000000008009ff4       0x94 ./Drivers/STM32F1xx_HAL_Driver/Src/stm32f1xx_hal_uart.o
 .text.UART_WaitOnFlagUntilTimeout
                0x000000000800a088       0x94 ./Drivers/STM32F1xx_HAL_Driver/Src/stm32f1xx_hal_uart.o
 .text.UART_Start_Receive_IT
                0x000000000800a11c       0x72 ./Drivers/STM32F1xx_HAL_Driver/Src/stm32f1xx_hal_uart.o
                0x000000000800a11c                UART_Start_Receive_IT
 *fill*         0x000000000800a18e        0x2 
 .text.UART_Start_Receive_DMA
                0x000000000800a190       0xc8 ./Drivers/STM32F1xx_HAL_Driver/Src/stm32f1xx_hal_uart.o
                0x000000000800a190                UART_Start_Receive_DMA
 .text.UART_EndTxTransfer
                0x000000000800a258       0x2a ./Drivers/STM32F1xx_HAL_Driver/Src/stm32f1xx_hal_uart.o
 .text.UART_EndRxTransfer
                0x000000000800a282       0x58 ./Drivers/STM32F1xx_HAL_Driver/Src/stm32f1xx_hal_uart.o
 .text.UART_DMAAbortOnError
                0x000000000800a2da       0x28 ./Drivers/STM32F1xx_HAL_Driver/Src/stm32f1xx_hal_uart.o
 .text.UART_Transmit_IT
                0x000000000800a302       0x9e ./Drivers/STM32F1xx_HAL_Driver/Src/stm32f1xx_hal_uart.o
 .text.UART_EndTransmit_IT
                0x000000000800a3a0       0x30 ./Drivers/STM32F1xx_HAL_Driver/Src/stm32f1xx_hal_uart.o
 .text.UART_Receive_IT
                0x000000000800a3d0      0x152 ./Drivers/STM32F1xx_HAL_Driver/Src/stm32f1xx_hal_uart.o
 *fill*         0x000000000800a522        0x2 
 .text.UART_SetConfig
                0x000000000800a524      0x11c ./Drivers/STM32F1xx_HAL_Driver/Src/stm32f1xx_hal_uart.o
 .text.__assert_func
                0x000000000800a640       0x3c d:/app/stm32cubeide_1.10.1/stm32cubeide/plugins/com.st.stm32cube.ide.mcu.externaltools.gnu-tools-for-stm32.10.3-2021.10.win32_1.0.0.202111181127/tools/bin/../lib/gcc/arm-none-eabi/10.3.1/../../../../arm-none-eabi/lib/thumb/v7-m/nofp\libc_nano.a(lib_a-assert.o)
                0x000000000800a640                __assert_func
 .text.__errno  0x000000000800a67c        0xc d:/app/stm32cubeide_1.10.1/stm32cubeide/plugins/com.st.stm32cube.ide.mcu.externaltools.gnu-tools-for-stm32.10.3-2021.10.win32_1.0.0.202111181127/tools/bin/../lib/gcc/arm-none-eabi/10.3.1/../../../../arm-none-eabi/lib/thumb/v7-m/nofp\libc_nano.a(lib_a-errno.o)
                0x000000000800a67c                __errno
 .text.fprintf  0x000000000800a688       0x24 d:/app/stm32cubeide_1.10.1/stm32cubeide/plugins/com.st.stm32cube.ide.mcu.externaltools.gnu-tools-for-stm32.10.3-2021.10.win32_1.0.0.202111181127/tools/bin/../lib/gcc/arm-none-eabi/10.3.1/../../../../arm-none-eabi/lib/thumb/v7-m/nofp\libc_nano.a(lib_a-fprintf.o)
                0x000000000800a688                fiprintf
                0x000000000800a688                fprintf
 .text.__libc_init_array
                0x000000000800a6ac       0x48 d:/app/stm32cubeide_1.10.1/stm32cubeide/plugins/com.st.stm32cube.ide.mcu.externaltools.gnu-tools-for-stm32.10.3-2021.10.win32_1.0.0.202111181127/tools/bin/../lib/gcc/arm-none-eabi/10.3.1/../../../../arm-none-eabi/lib/thumb/v7-m/nofp\libc_nano.a(lib_a-init.o)
                0x000000000800a6ac                __libc_init_array
 .text.memcpy   0x000000000800a6f4       0x1c d:/app/stm32cubeide_1.10.1/stm32cubeide/plugins/com.st.stm32cube.ide.mcu.externaltools.gnu-tools-for-stm32.10.3-2021.10.win32_1.0.0.202111181127/tools/bin/../lib/gcc/arm-none-eabi/10.3.1/../../../../arm-none-eabi/lib/thumb/v7-m/nofp\libc_nano.a(lib_a-memcpy-stub.o)
                0x000000000800a6f4                memcpy
 .text.memset   0x000000000800a710       0x10 d:/app/stm32cubeide_1.10.1/stm32cubeide/plugins/com.st.stm32cube.ide.mcu.externaltools.gnu-tools-for-stm32.10.3-2021.10.win32_1.0.0.202111181127/tools/bin/../lib/gcc/arm-none-eabi/10.3.1/../../../../arm-none-eabi/lib/thumb/v7-m/nofp\libc_nano.a(lib_a-memset.o)
                0x000000000800a710                memset
 .text.__sfputc_r
                0x000000000800a720       0x2a d:/app/stm32cubeide_1.10.1/stm32cubeide/plugins/com.st.stm32cube.ide.mcu.externaltools.gnu-tools-for-stm32.10.3-2021.10.win32_1.0.0.202111181127/tools/bin/../lib/gcc/arm-none-eabi/10.3.1/../../../../arm-none-eabi/lib/thumb/v7-m/nofp\libc_nano.a(lib_a-nano-vfprintf.o)
 .text.__sfputs_r
                0x000000000800a74a       0x24 d:/app/stm32cubeide_1.10.1/stm32cubeide/plugins/com.st.stm32cube.ide.mcu.externaltools.gnu-tools-for-stm32.10.3-2021.10.win32_1.0.0.202111181127/tools/bin/../lib/gcc/arm-none-eabi/10.3.1/../../../../arm-none-eabi/lib/thumb/v7-m/nofp\libc_nano.a(lib_a-nano-vfprintf.o)
                0x000000000800a74a                __sfputs_r
 *fill*         0x000000000800a76e        0x2 
 .text._vfprintf_r
                0x000000000800a770      0x260 d:/app/stm32cubeide_1.10.1/stm32cubeide/plugins/com.st.stm32cube.ide.mcu.externaltools.gnu-tools-for-stm32.10.3-2021.10.win32_1.0.0.202111181127/tools/bin/../lib/gcc/arm-none-eabi/10.3.1/../../../../arm-none-eabi/lib/thumb/v7-m/nofp\libc_nano.a(lib_a-nano-vfprintf.o)
                0x000000000800a770                _vfprintf_r
                0x000000000800a770                _vfiprintf_r
 .text._printf_common
                0x000000000800a9d0       0xde d:/app/stm32cubeide_1.10.1/stm32cubeide/plugins/com.st.stm32cube.ide.mcu.externaltools.gnu-tools-for-stm32.10.3-2021.10.win32_1.0.0.202111181127/tools/bin/../lib/gcc/arm-none-eabi/10.3.1/../../../../arm-none-eabi/lib/thumb/v7-m/nofp\libc_nano.a(lib_a-nano-vfprintf_i.o)
                0x000000000800a9d0                _printf_common
 *fill*         0x000000000800aaae        0x2 
 .text._printf_i
                0x000000000800aab0      0x24c d:/app/stm32cubeide_1.10.1/stm32cubeide/plugins/com.st.stm32cube.ide.mcu.externaltools.gnu-tools-for-stm32.10.3-2021.10.win32_1.0.0.202111181127/tools/bin/../lib/gcc/arm-none-eabi/10.3.1/../../../../arm-none-eabi/lib/thumb/v7-m/nofp\libc_nano.a(lib_a-nano-vfprintf_i.o)
                0x000000000800aab0                _printf_i
 .text.sprintf  0x000000000800acfc       0x40 d:/app/stm32cubeide_1.10.1/stm32cubeide/plugins/com.st.stm32cube.ide.mcu.externaltools.gnu-tools-for-stm32.10.3-2021.10.win32_1.0.0.202111181127/tools/bin/../lib/gcc/arm-none-eabi/10.3.1/../../../../arm-none-eabi/lib/thumb/v7-m/nofp\libc_nano.a(lib_a-sprintf.o)
                0x000000000800acfc                siprintf
                0x000000000800acfc                sprintf
 .text.__swbuf_r
                0x000000000800ad3c       0xa4 d:/app/stm32cubeide_1.10.1/stm32cubeide/plugins/com.st.stm32cube.ide.mcu.externaltools.gnu-tools-for-stm32.10.3-2021.10.win32_1.0.0.202111181127/tools/bin/../lib/gcc/arm-none-eabi/10.3.1/../../../../arm-none-eabi/lib/thumb/v7-m/nofp\libc_nano.a(lib_a-wbuf.o)
                0x000000000800ad3c                __swbuf_r
 .text.__swsetup_r
                0x000000000800ade0       0xdc d:/app/stm32cubeide_1.10.1/stm32cubeide/plugins/com.st.stm32cube.ide.mcu.externaltools.gnu-tools-for-stm32.10.3-2021.10.win32_1.0.0.202111181127/tools/bin/../lib/gcc/arm-none-eabi/10.3.1/../../../../arm-none-eabi/lib/thumb/v7-m/nofp\libc_nano.a(lib_a-wsetup.o)
                0x000000000800ade0                __swsetup_r
 .text.abort    0x000000000800aebc        0xe d:/app/stm32cubeide_1.10.1/stm32cubeide/plugins/com.st.stm32cube.ide.mcu.externaltools.gnu-tools-for-stm32.10.3-2021.10.win32_1.0.0.202111181127/tools/bin/../lib/gcc/arm-none-eabi/10.3.1/../../../../arm-none-eabi/lib/thumb/v7-m/nofp\libc_nano.a(lib_a-abort.o)
                0x000000000800aebc                abort
 *fill*         0x000000000800aeca        0x2 
 .text.__sflush_r
                0x000000000800aecc      0x104 d:/app/stm32cubeide_1.10.1/stm32cubeide/plugins/com.st.stm32cube.ide.mcu.externaltools.gnu-tools-for-stm32.10.3-2021.10.win32_1.0.0.202111181127/tools/bin/../lib/gcc/arm-none-eabi/10.3.1/../../../../arm-none-eabi/lib/thumb/v7-m/nofp\libc_nano.a(lib_a-fflush.o)
                0x000000000800aecc                __sflush_r
 .text._fflush_r
                0x000000000800afd0       0x78 d:/app/stm32cubeide_1.10.1/stm32cubeide/plugins/com.st.stm32cube.ide.mcu.externaltools.gnu-tools-for-stm32.10.3-2021.10.win32_1.0.0.202111181127/tools/bin/../lib/gcc/arm-none-eabi/10.3.1/../../../../arm-none-eabi/lib/thumb/v7-m/nofp\libc_nano.a(lib_a-fflush.o)
                0x000000000800afd0                _fflush_r
 .text.std      0x000000000800b048       0x48 d:/app/stm32cubeide_1.10.1/stm32cubeide/plugins/com.st.stm32cube.ide.mcu.externaltools.gnu-tools-for-stm32.10.3-2021.10.win32_1.0.0.202111181127/tools/bin/../lib/gcc/arm-none-eabi/10.3.1/../../../../arm-none-eabi/lib/thumb/v7-m/nofp\libc_nano.a(lib_a-findfp.o)
 .text._cleanup_r
                0x000000000800b090        0xc d:/app/stm32cubeide_1.10.1/stm32cubeide/plugins/com.st.stm32cube.ide.mcu.externaltools.gnu-tools-for-stm32.10.3-2021.10.win32_1.0.0.202111181127/tools/bin/../lib/gcc/arm-none-eabi/10.3.1/../../../../arm-none-eabi/lib/thumb/v7-m/nofp\libc_nano.a(lib_a-findfp.o)
                0x000000000800b090                _cleanup_r
 .text.__sfmoreglue
                0x000000000800b09c       0x2c d:/app/stm32cubeide_1.10.1/stm32cubeide/plugins/com.st.stm32cube.ide.mcu.externaltools.gnu-tools-for-stm32.10.3-2021.10.win32_1.0.0.202111181127/tools/bin/../lib/gcc/arm-none-eabi/10.3.1/../../../../arm-none-eabi/lib/thumb/v7-m/nofp\libc_nano.a(lib_a-findfp.o)
                0x000000000800b09c                __sfmoreglue
 .text.__sfp_lock_acquire
                0x000000000800b0c8        0xc d:/app/stm32cubeide_1.10.1/stm32cubeide/plugins/com.st.stm32cube.ide.mcu.externaltools.gnu-tools-for-stm32.10.3-2021.10.win32_1.0.0.202111181127/tools/bin/../lib/gcc/arm-none-eabi/10.3.1/../../../../arm-none-eabi/lib/thumb/v7-m/nofp\libc_nano.a(lib_a-findfp.o)
                0x000000000800b0c8                __sfp_lock_acquire
 .text.__sfp_lock_release
                0x000000000800b0d4        0xc d:/app/stm32cubeide_1.10.1/stm32cubeide/plugins/com.st.stm32cube.ide.mcu.externaltools.gnu-tools-for-stm32.10.3-2021.10.win32_1.0.0.202111181127/tools/bin/../lib/gcc/arm-none-eabi/10.3.1/../../../../arm-none-eabi/lib/thumb/v7-m/nofp\libc_nano.a(lib_a-findfp.o)
                0x000000000800b0d4                __sfp_lock_release
 .text.__sinit_lock_acquire
                0x000000000800b0e0        0xc d:/app/stm32cubeide_1.10.1/stm32cubeide/plugins/com.st.stm32cube.ide.mcu.externaltools.gnu-tools-for-stm32.10.3-2021.10.win32_1.0.0.202111181127/tools/bin/../lib/gcc/arm-none-eabi/10.3.1/../../../../arm-none-eabi/lib/thumb/v7-m/nofp\libc_nano.a(lib_a-findfp.o)
                0x000000000800b0e0                __sinit_lock_acquire
 .text.__sinit_lock_release
                0x000000000800b0ec        0xc d:/app/stm32cubeide_1.10.1/stm32cubeide/plugins/com.st.stm32cube.ide.mcu.externaltools.gnu-tools-for-stm32.10.3-2021.10.win32_1.0.0.202111181127/tools/bin/../lib/gcc/arm-none-eabi/10.3.1/../../../../arm-none-eabi/lib/thumb/v7-m/nofp\libc_nano.a(lib_a-findfp.o)
                0x000000000800b0ec                __sinit_lock_release
 .text.__sinit  0x000000000800b0f8       0x70 d:/app/stm32cubeide_1.10.1/stm32cubeide/plugins/com.st.stm32cube.ide.mcu.externaltools.gnu-tools-for-stm32.10.3-2021.10.win32_1.0.0.202111181127/tools/bin/../lib/gcc/arm-none-eabi/10.3.1/../../../../arm-none-eabi/lib/thumb/v7-m/nofp\libc_nano.a(lib_a-findfp.o)
                0x000000000800b0f8                __sinit
 .text.__sfp    0x000000000800b168       0x8c d:/app/stm32cubeide_1.10.1/stm32cubeide/plugins/com.st.stm32cube.ide.mcu.externaltools.gnu-tools-for-stm32.10.3-2021.10.win32_1.0.0.202111181127/tools/bin/../lib/gcc/arm-none-eabi/10.3.1/../../../../arm-none-eabi/lib/thumb/v7-m/nofp\libc_nano.a(lib_a-findfp.o)
                0x000000000800b168                __sfp
 .text._fwalk_reent
                0x000000000800b1f4       0x3e d:/app/stm32cubeide_1.10.1/stm32cubeide/plugins/com.st.stm32cube.ide.mcu.externaltools.gnu-tools-for-stm32.10.3-2021.10.win32_1.0.0.202111181127/tools/bin/../lib/gcc/arm-none-eabi/10.3.1/../../../../arm-none-eabi/lib/thumb/v7-m/nofp\libc_nano.a(lib_a-fwalk.o)
                0x000000000800b1f4                _fwalk_reent
 .text.__retarget_lock_init_recursive
                0x000000000800b232        0x2 d:/app/stm32cubeide_1.10.1/stm32cubeide/plugins/com.st.stm32cube.ide.mcu.externaltools.gnu-tools-for-stm32.10.3-2021.10.win32_1.0.0.202111181127/tools/bin/../lib/gcc/arm-none-eabi/10.3.1/../../../../arm-none-eabi/lib/thumb/v7-m/nofp\libc_nano.a(lib_a-lock.o)
                0x000000000800b232                __retarget_lock_init_recursive
 .text.__retarget_lock_acquire_recursive
                0x000000000800b234        0x2 d:/app/stm32cubeide_1.10.1/stm32cubeide/plugins/com.st.stm32cube.ide.mcu.externaltools.gnu-tools-for-stm32.10.3-2021.10.win32_1.0.0.202111181127/tools/bin/../lib/gcc/arm-none-eabi/10.3.1/../../../../arm-none-eabi/lib/thumb/v7-m/nofp\libc_nano.a(lib_a-lock.o)
                0x000000000800b234                __retarget_lock_acquire_recursive
 .text.__retarget_lock_release_recursive
                0x000000000800b236        0x2 d:/app/stm32cubeide_1.10.1/stm32cubeide/plugins/com.st.stm32cube.ide.mcu.externaltools.gnu-tools-for-stm32.10.3-2021.10.win32_1.0.0.202111181127/tools/bin/../lib/gcc/arm-none-eabi/10.3.1/../../../../arm-none-eabi/lib/thumb/v7-m/nofp\libc_nano.a(lib_a-lock.o)
                0x000000000800b236                __retarget_lock_release_recursive
 .text.__swhatbuf_r
                0x000000000800b238       0x4a d:/app/stm32cubeide_1.10.1/stm32cubeide/plugins/com.st.stm32cube.ide.mcu.externaltools.gnu-tools-for-stm32.10.3-2021.10.win32_1.0.0.202111181127/tools/bin/../lib/gcc/arm-none-eabi/10.3.1/../../../../arm-none-eabi/lib/thumb/v7-m/nofp\libc_nano.a(lib_a-makebuf.o)
                0x000000000800b238                __swhatbuf_r
 *fill*         0x000000000800b282        0x2 
 .text.__smakebuf_r
                0x000000000800b284       0x80 d:/app/stm32cubeide_1.10.1/stm32cubeide/plugins/com.st.stm32cube.ide.mcu.externaltools.gnu-tools-for-stm32.10.3-2021.10.win32_1.0.0.202111181127/tools/bin/../lib/gcc/arm-none-eabi/10.3.1/../../../../arm-none-eabi/lib/thumb/v7-m/nofp\libc_nano.a(lib_a-makebuf.o)
                0x000000000800b284                __smakebuf_r
 .text.memchr   0x000000000800b304       0x1c d:/app/stm32cubeide_1.10.1/stm32cubeide/plugins/com.st.stm32cube.ide.mcu.externaltools.gnu-tools-for-stm32.10.3-2021.10.win32_1.0.0.202111181127/tools/bin/../lib/gcc/arm-none-eabi/10.3.1/../../../../arm-none-eabi/lib/thumb/v7-m/nofp\libc_nano.a(lib_a-memchr-stub.o)
                0x000000000800b304                memchr
 .text.memmove  0x000000000800b320       0x34 d:/app/stm32cubeide_1.10.1/stm32cubeide/plugins/com.st.stm32cube.ide.mcu.externaltools.gnu-tools-for-stm32.10.3-2021.10.win32_1.0.0.202111181127/tools/bin/../lib/gcc/arm-none-eabi/10.3.1/../../../../arm-none-eabi/lib/thumb/v7-m/nofp\libc_nano.a(lib_a-memmove.o)
                0x000000000800b320                memmove
 .text._free_r  0x000000000800b354       0x90 d:/app/stm32cubeide_1.10.1/stm32cubeide/plugins/com.st.stm32cube.ide.mcu.externaltools.gnu-tools-for-stm32.10.3-2021.10.win32_1.0.0.202111181127/tools/bin/../lib/gcc/arm-none-eabi/10.3.1/../../../../arm-none-eabi/lib/thumb/v7-m/nofp\libc_nano.a(lib_a-nano-freer.o)
                0x000000000800b354                _free_r
 .text.sbrk_aligned
                0x000000000800b3e4       0x40 d:/app/stm32cubeide_1.10.1/stm32cubeide/plugins/com.st.stm32cube.ide.mcu.externaltools.gnu-tools-for-stm32.10.3-2021.10.win32_1.0.0.202111181127/tools/bin/../lib/gcc/arm-none-eabi/10.3.1/../../../../arm-none-eabi/lib/thumb/v7-m/nofp\libc_nano.a(lib_a-nano-mallocr.o)
 .text._malloc_r
                0x000000000800b424       0xe8 d:/app/stm32cubeide_1.10.1/stm32cubeide/plugins/com.st.stm32cube.ide.mcu.externaltools.gnu-tools-for-stm32.10.3-2021.10.win32_1.0.0.202111181127/tools/bin/../lib/gcc/arm-none-eabi/10.3.1/../../../../arm-none-eabi/lib/thumb/v7-m/nofp\libc_nano.a(lib_a-nano-mallocr.o)
                0x000000000800b424                _malloc_r
 .text._realloc_r
                0x000000000800b50c       0x5e d:/app/stm32cubeide_1.10.1/stm32cubeide/plugins/com.st.stm32cube.ide.mcu.externaltools.gnu-tools-for-stm32.10.3-2021.10.win32_1.0.0.202111181127/tools/bin/../lib/gcc/arm-none-eabi/10.3.1/../../../../arm-none-eabi/lib/thumb/v7-m/nofp\libc_nano.a(lib_a-nano-reallocr.o)
                0x000000000800b50c                _realloc_r
 .text.__ssputs_r
                0x000000000800b56a       0xb6 d:/app/stm32cubeide_1.10.1/stm32cubeide/plugins/com.st.stm32cube.ide.mcu.externaltools.gnu-tools-for-stm32.10.3-2021.10.win32_1.0.0.202111181127/tools/bin/../lib/gcc/arm-none-eabi/10.3.1/../../../../arm-none-eabi/lib/thumb/v7-m/nofp\libc_nano.a(lib_a-nano-svfprintf.o)
                0x000000000800b56a                __ssputs_r
 .text._svfprintf_r
                0x000000000800b620      0x200 d:/app/stm32cubeide_1.10.1/stm32cubeide/plugins/com.st.stm32cube.ide.mcu.externaltools.gnu-tools-for-stm32.10.3-2021.10.win32_1.0.0.202111181127/tools/bin/../lib/gcc/arm-none-eabi/10.3.1/../../../../arm-none-eabi/lib/thumb/v7-m/nofp\libc_nano.a(lib_a-nano-svfprintf.o)
                0x000000000800b620                _svfiprintf_r
                0x000000000800b620                _svfprintf_r
 .text._sbrk_r  0x000000000800b820       0x20 d:/app/stm32cubeide_1.10.1/stm32cubeide/plugins/com.st.stm32cube.ide.mcu.externaltools.gnu-tools-for-stm32.10.3-2021.10.win32_1.0.0.202111181127/tools/bin/../lib/gcc/arm-none-eabi/10.3.1/../../../../arm-none-eabi/lib/thumb/v7-m/nofp\libc_nano.a(lib_a-sbrkr.o)
                0x000000000800b820                _sbrk_r
 .text._raise_r
                0x000000000800b840       0x50 d:/app/stm32cubeide_1.10.1/stm32cubeide/plugins/com.st.stm32cube.ide.mcu.externaltools.gnu-tools-for-stm32.10.3-2021.10.win32_1.0.0.202111181127/tools/bin/../lib/gcc/arm-none-eabi/10.3.1/../../../../arm-none-eabi/lib/thumb/v7-m/nofp\libc_nano.a(lib_a-signal.o)
                0x000000000800b840                _raise_r
 .text.raise    0x000000000800b890       0x10 d:/app/stm32cubeide_1.10.1/stm32cubeide/plugins/com.st.stm32cube.ide.mcu.externaltools.gnu-tools-for-stm32.10.3-2021.10.win32_1.0.0.202111181127/tools/bin/../lib/gcc/arm-none-eabi/10.3.1/../../../../arm-none-eabi/lib/thumb/v7-m/nofp\libc_nano.a(lib_a-signal.o)
                0x000000000800b890                raise
 .text._kill_r  0x000000000800b8a0       0x24 d:/app/stm32cubeide_1.10.1/stm32cubeide/plugins/com.st.stm32cube.ide.mcu.externaltools.gnu-tools-for-stm32.10.3-2021.10.win32_1.0.0.202111181127/tools/bin/../lib/gcc/arm-none-eabi/10.3.1/../../../../arm-none-eabi/lib/thumb/v7-m/nofp\libc_nano.a(lib_a-signalr.o)
                0x000000000800b8a0                _kill_r
 .text._getpid_r
                0x000000000800b8c4        0x4 d:/app/stm32cubeide_1.10.1/stm32cubeide/plugins/com.st.stm32cube.ide.mcu.externaltools.gnu-tools-for-stm32.10.3-2021.10.win32_1.0.0.202111181127/tools/bin/../lib/gcc/arm-none-eabi/10.3.1/../../../../arm-none-eabi/lib/thumb/v7-m/nofp\libc_nano.a(lib_a-signalr.o)
                0x000000000800b8c4                _getpid_r
 .text.__sread  0x000000000800b8c8       0x22 d:/app/stm32cubeide_1.10.1/stm32cubeide/plugins/com.st.stm32cube.ide.mcu.externaltools.gnu-tools-for-stm32.10.3-2021.10.win32_1.0.0.202111181127/tools/bin/../lib/gcc/arm-none-eabi/10.3.1/../../../../arm-none-eabi/lib/thumb/v7-m/nofp\libc_nano.a(lib_a-stdio.o)
                0x000000000800b8c8                __sread
 .text.__swrite
                0x000000000800b8ea       0x38 d:/app/stm32cubeide_1.10.1/stm32cubeide/plugins/com.st.stm32cube.ide.mcu.externaltools.gnu-tools-for-stm32.10.3-2021.10.win32_1.0.0.202111181127/tools/bin/../lib/gcc/arm-none-eabi/10.3.1/../../../../arm-none-eabi/lib/thumb/v7-m/nofp\libc_nano.a(lib_a-stdio.o)
                0x000000000800b8ea                __swrite
 .text.__sseek  0x000000000800b922       0x24 d:/app/stm32cubeide_1.10.1/stm32cubeide/plugins/com.st.stm32cube.ide.mcu.externaltools.gnu-tools-for-stm32.10.3-2021.10.win32_1.0.0.202111181127/tools/bin/../lib/gcc/arm-none-eabi/10.3.1/../../../../arm-none-eabi/lib/thumb/v7-m/nofp\libc_nano.a(lib_a-stdio.o)
                0x000000000800b922                __sseek
 .text.__sclose
                0x000000000800b946        0x8 d:/app/stm32cubeide_1.10.1/stm32cubeide/plugins/com.st.stm32cube.ide.mcu.externaltools.gnu-tools-for-stm32.10.3-2021.10.win32_1.0.0.202111181127/tools/bin/../lib/gcc/arm-none-eabi/10.3.1/../../../../arm-none-eabi/lib/thumb/v7-m/nofp\libc_nano.a(lib_a-stdio.o)
                0x000000000800b946                __sclose
 *fill*         0x000000000800b94e        0x2 
 .text._write_r
                0x000000000800b950       0x24 d:/app/stm32cubeide_1.10.1/stm32cubeide/plugins/com.st.stm32cube.ide.mcu.externaltools.gnu-tools-for-stm32.10.3-2021.10.win32_1.0.0.202111181127/tools/bin/../lib/gcc/arm-none-eabi/10.3.1/../../../../arm-none-eabi/lib/thumb/v7-m/nofp\libc_nano.a(lib_a-writer.o)
                0x000000000800b950                _write_r
 .text._close_r
                0x000000000800b974       0x20 d:/app/stm32cubeide_1.10.1/stm32cubeide/plugins/com.st.stm32cube.ide.mcu.externaltools.gnu-tools-for-stm32.10.3-2021.10.win32_1.0.0.202111181127/tools/bin/../lib/gcc/arm-none-eabi/10.3.1/../../../../arm-none-eabi/lib/thumb/v7-m/nofp\libc_nano.a(lib_a-closer.o)
                0x000000000800b974                _close_r
 .text._fstat_r
                0x000000000800b994       0x24 d:/app/stm32cubeide_1.10.1/stm32cubeide/plugins/com.st.stm32cube.ide.mcu.externaltools.gnu-tools-for-stm32.10.3-2021.10.win32_1.0.0.202111181127/tools/bin/../lib/gcc/arm-none-eabi/10.3.1/../../../../arm-none-eabi/lib/thumb/v7-m/nofp\libc_nano.a(lib_a-fstatr.o)
                0x000000000800b994                _fstat_r
 .text._isatty_r
                0x000000000800b9b8       0x20 d:/app/stm32cubeide_1.10.1/stm32cubeide/plugins/com.st.stm32cube.ide.mcu.externaltools.gnu-tools-for-stm32.10.3-2021.10.win32_1.0.0.202111181127/tools/bin/../lib/gcc/arm-none-eabi/10.3.1/../../../../arm-none-eabi/lib/thumb/v7-m/nofp\libc_nano.a(lib_a-isattyr.o)
                0x000000000800b9b8                _isatty_r
 .text._lseek_r
                0x000000000800b9d8       0x24 d:/app/stm32cubeide_1.10.1/stm32cubeide/plugins/com.st.stm32cube.ide.mcu.externaltools.gnu-tools-for-stm32.10.3-2021.10.win32_1.0.0.202111181127/tools/bin/../lib/gcc/arm-none-eabi/10.3.1/../../../../arm-none-eabi/lib/thumb/v7-m/nofp\libc_nano.a(lib_a-lseekr.o)
                0x000000000800b9d8                _lseek_r
 .text.__malloc_lock
                0x000000000800b9fc        0xc d:/app/stm32cubeide_1.10.1/stm32cubeide/plugins/com.st.stm32cube.ide.mcu.externaltools.gnu-tools-for-stm32.10.3-2021.10.win32_1.0.0.202111181127/tools/bin/../lib/gcc/arm-none-eabi/10.3.1/../../../../arm-none-eabi/lib/thumb/v7-m/nofp\libc_nano.a(lib_a-mlock.o)
                0x000000000800b9fc                __malloc_lock
 .text.__malloc_unlock
                0x000000000800ba08        0xc d:/app/stm32cubeide_1.10.1/stm32cubeide/plugins/com.st.stm32cube.ide.mcu.externaltools.gnu-tools-for-stm32.10.3-2021.10.win32_1.0.0.202111181127/tools/bin/../lib/gcc/arm-none-eabi/10.3.1/../../../../arm-none-eabi/lib/thumb/v7-m/nofp\libc_nano.a(lib_a-mlock.o)
                0x000000000800ba08                __malloc_unlock
 .text._malloc_usable_size_r
                0x000000000800ba14       0x10 d:/app/stm32cubeide_1.10.1/stm32cubeide/plugins/com.st.stm32cube.ide.mcu.externaltools.gnu-tools-for-stm32.10.3-2021.10.win32_1.0.0.202111181127/tools/bin/../lib/gcc/arm-none-eabi/10.3.1/../../../../arm-none-eabi/lib/thumb/v7-m/nofp\libc_nano.a(lib_a-nano-msizer.o)
                0x000000000800ba14                _malloc_usable_size_r
 .text._read_r  0x000000000800ba24       0x24 d:/app/stm32cubeide_1.10.1/stm32cubeide/plugins/com.st.stm32cube.ide.mcu.externaltools.gnu-tools-for-stm32.10.3-2021.10.win32_1.0.0.202111181127/tools/bin/../lib/gcc/arm-none-eabi/10.3.1/../../../../arm-none-eabi/lib/thumb/v7-m/nofp\libc_nano.a(lib_a-readr.o)
                0x000000000800ba24                _read_r
 .text.atan     0x000000000800ba48      0x314 d:/app/stm32cubeide_1.10.1/stm32cubeide/plugins/com.st.stm32cube.ide.mcu.externaltools.gnu-tools-for-stm32.10.3-2021.10.win32_1.0.0.202111181127/tools/bin/../lib/gcc/arm-none-eabi/10.3.1/../../../../arm-none-eabi/lib/thumb/v7-m/nofp\libm.a(lib_a-s_atan.o)
                0x000000000800ba48                atan
 .text.cos      0x000000000800bd5c       0x8c d:/app/stm32cubeide_1.10.1/stm32cubeide/plugins/com.st.stm32cube.ide.mcu.externaltools.gnu-tools-for-stm32.10.3-2021.10.win32_1.0.0.202111181127/tools/bin/../lib/gcc/arm-none-eabi/10.3.1/../../../../arm-none-eabi/lib/thumb/v7-m/nofp\libm.a(lib_a-s_cos.o)
                0x000000000800bd5c                cos
 .text.fabs     0x000000000800bde8        0x6 d:/app/stm32cubeide_1.10.1/stm32cubeide/plugins/com.st.stm32cube.ide.mcu.externaltools.gnu-tools-for-stm32.10.3-2021.10.win32_1.0.0.202111181127/tools/bin/../lib/gcc/arm-none-eabi/10.3.1/../../../../arm-none-eabi/lib/thumb/v7-m/nofp\libm.a(lib_a-s_fabs.o)
                0x000000000800bde8                fabs
 *fill*         0x000000000800bdee        0x2 
 .text.sin      0x000000000800bdf0       0x8c d:/app/stm32cubeide_1.10.1/stm32cubeide/plugins/com.st.stm32cube.ide.mcu.externaltools.gnu-tools-for-stm32.10.3-2021.10.win32_1.0.0.202111181127/tools/bin/../lib/gcc/arm-none-eabi/10.3.1/../../../../arm-none-eabi/lib/thumb/v7-m/nofp\libm.a(lib_a-s_sin.o)
                0x000000000800bdf0                sin
 .text.roundf   0x000000000800be7c       0x4c d:/app/stm32cubeide_1.10.1/stm32cubeide/plugins/com.st.stm32cube.ide.mcu.externaltools.gnu-tools-for-stm32.10.3-2021.10.win32_1.0.0.202111181127/tools/bin/../lib/gcc/arm-none-eabi/10.3.1/../../../../arm-none-eabi/lib/thumb/v7-m/nofp\libm.a(lib_a-sf_round.o)
                0x000000000800be7c                roundf
 .text.__ieee754_rem_pio2
                0x000000000800bec8      0x3f0 d:/app/stm32cubeide_1.10.1/stm32cubeide/plugins/com.st.stm32cube.ide.mcu.externaltools.gnu-tools-for-stm32.10.3-2021.10.win32_1.0.0.202111181127/tools/bin/../lib/gcc/arm-none-eabi/10.3.1/../../../../arm-none-eabi/lib/thumb/v7-m/nofp\libm.a(lib_a-e_rem_pio2.o)
                0x000000000800bec8                __ieee754_rem_pio2
 .text.__kernel_cos
                0x000000000800c2b8      0x17c d:/app/stm32cubeide_1.10.1/stm32cubeide/plugins/com.st.stm32cube.ide.mcu.externaltools.gnu-tools-for-stm32.10.3-2021.10.win32_1.0.0.202111181127/tools/bin/../lib/gcc/arm-none-eabi/10.3.1/../../../../arm-none-eabi/lib/thumb/v7-m/nofp\libm.a(lib_a-k_cos.o)
                0x000000000800c2b8                __kernel_cos
 .text.__kernel_rem_pio2
                0x000000000800c434      0x684 d:/app/stm32cubeide_1.10.1/stm32cubeide/plugins/com.st.stm32cube.ide.mcu.externaltools.gnu-tools-for-stm32.10.3-2021.10.win32_1.0.0.202111181127/tools/bin/../lib/gcc/arm-none-eabi/10.3.1/../../../../arm-none-eabi/lib/thumb/v7-m/nofp\libm.a(lib_a-k_rem_pio2.o)
                0x000000000800c434                __kernel_rem_pio2
 .text.__kernel_sin
                0x000000000800cab8      0x16c d:/app/stm32cubeide_1.10.1/stm32cubeide/plugins/com.st.stm32cube.ide.mcu.externaltools.gnu-tools-for-stm32.10.3-2021.10.win32_1.0.0.202111181127/tools/bin/../lib/gcc/arm-none-eabi/10.3.1/../../../../arm-none-eabi/lib/thumb/v7-m/nofp\libm.a(lib_a-k_sin.o)
                0x000000000800cab8                __kernel_sin
 *fill*         0x000000000800cc24        0x4 
 .text.floor    0x000000000800cc28      0x100 d:/app/stm32cubeide_1.10.1/stm32cubeide/plugins/com.st.stm32cube.ide.mcu.externaltools.gnu-tools-for-stm32.10.3-2021.10.win32_1.0.0.202111181127/tools/bin/../lib/gcc/arm-none-eabi/10.3.1/../../../../arm-none-eabi/lib/thumb/v7-m/nofp\libm.a(lib_a-s_floor.o)
                0x000000000800cc28                floor
 .text.scalbn   0x000000000800cd28       0xfc d:/app/stm32cubeide_1.10.1/stm32cubeide/plugins/com.st.stm32cube.ide.mcu.externaltools.gnu-tools-for-stm32.10.3-2021.10.win32_1.0.0.202111181127/tools/bin/../lib/gcc/arm-none-eabi/10.3.1/../../../../arm-none-eabi/lib/thumb/v7-m/nofp\libm.a(lib_a-s_scalbn.o)
                0x000000000800cd28                scalbn
 *(.glue_7)
 .glue_7        0x000000000800ce24        0x0 linker stubs
 *(.glue_7t)
 .glue_7t       0x000000000800ce24        0x0 linker stubs
 *(.eh_frame)
 .eh_frame      0x000000000800ce24        0x0 d:/app/stm32cubeide_1.10.1/stm32cubeide/plugins/com.st.stm32cube.ide.mcu.externaltools.gnu-tools-for-stm32.10.3-2021.10.win32_1.0.0.202111181127/tools/bin/../lib/gcc/arm-none-eabi/10.3.1/thumb/v7-m/nofp/crtbegin.o
 *(.init)
 .init          0x000000000800ce24        0x4 d:/app/stm32cubeide_1.10.1/stm32cubeide/plugins/com.st.stm32cube.ide.mcu.externaltools.gnu-tools-for-stm32.10.3-2021.10.win32_1.0.0.202111181127/tools/bin/../lib/gcc/arm-none-eabi/10.3.1/thumb/v7-m/nofp/crti.o
                0x000000000800ce24                _init
 .init          0x000000000800ce28        0x8 d:/app/stm32cubeide_1.10.1/stm32cubeide/plugins/com.st.stm32cube.ide.mcu.externaltools.gnu-tools-for-stm32.10.3-2021.10.win32_1.0.0.202111181127/tools/bin/../lib/gcc/arm-none-eabi/10.3.1/thumb/v7-m/nofp/crtn.o
 *(.fini)
 .fini          0x000000000800ce30        0x4 d:/app/stm32cubeide_1.10.1/stm32cubeide/plugins/com.st.stm32cube.ide.mcu.externaltools.gnu-tools-for-stm32.10.3-2021.10.win32_1.0.0.202111181127/tools/bin/../lib/gcc/arm-none-eabi/10.3.1/thumb/v7-m/nofp/crti.o
                0x000000000800ce30                _fini
 .fini          0x000000000800ce34        0x8 d:/app/stm32cubeide_1.10.1/stm32cubeide/plugins/com.st.stm32cube.ide.mcu.externaltools.gnu-tools-for-stm32.10.3-2021.10.win32_1.0.0.202111181127/tools/bin/../lib/gcc/arm-none-eabi/10.3.1/thumb/v7-m/nofp/crtn.o
                0x000000000800ce3c                . = ALIGN (0x4)
                0x000000000800ce3c                _etext = .

.vfp11_veneer   0x000000000800ce3c        0x0
 .vfp11_veneer  0x000000000800ce3c        0x0 linker stubs

.v4_bx          0x000000000800ce3c        0x0
 .v4_bx         0x000000000800ce3c        0x0 linker stubs

.iplt           0x000000000800ce3c        0x0
 .iplt          0x000000000800ce3c        0x0 d:/app/stm32cubeide_1.10.1/stm32cubeide/plugins/com.st.stm32cube.ide.mcu.externaltools.gnu-tools-for-stm32.10.3-2021.10.win32_1.0.0.202111181127/tools/bin/../lib/gcc/arm-none-eabi/10.3.1/thumb/v7-m/nofp/crtbegin.o

.rodata         0x000000000800ce40      0x978
                0x000000000800ce40                . = ALIGN (0x4)
 *(.rodata)
 .rodata        0x000000000800ce40       0x4f ./Core/Src/huansic_motorlib.o
 *fill*         0x000000000800ce8f        0x1 
 .rodata        0x000000000800ce90        0x5 ./Core/Src/huansic_xblib.o
 *fill*         0x000000000800ce95        0x3 
 .rodata        0x000000000800ce98        0x5 ./Core/Src/main.o
 *fill*         0x000000000800ce9d        0x3 
 .rodata        0x000000000800cea0       0x10 ./Drivers/STM32F1xx_HAL_Driver/Src/stm32f1xx_hal_rcc.o
 *(.rodata*)
 .rodata.__func__.0
                0x000000000800ceb0       0x13 ./Core/Src/huansic_motorlib.o
 *fill*         0x000000000800cec3        0x1 
 .rodata.Font6x8
                0x000000000800cec4      0x5f0 ./Core/Src/ssd1306_fonts.o
 .rodata.AHBPrescTable
                0x000000000800d4b4       0x10 ./Core/Src/system_stm32f1xx.o
                0x000000000800d4b4                AHBPrescTable
 .rodata.APBPrescTable
                0x000000000800d4c4        0x8 ./Core/Src/system_stm32f1xx.o
                0x000000000800d4c4                APBPrescTable
 .rodata.__assert_func.str1.1
                0x000000000800d4cc       0x3c d:/app/stm32cubeide_1.10.1/stm32cubeide/plugins/com.st.stm32cube.ide.mcu.externaltools.gnu-tools-for-stm32.10.3-2021.10.win32_1.0.0.202111181127/tools/bin/../lib/gcc/arm-none-eabi/10.3.1/../../../../arm-none-eabi/lib/thumb/v7-m/nofp\libc_nano.a(lib_a-assert.o)
                                         0x3d (size before relaxing)
 .rodata._global_impure_ptr
                0x000000000800d508        0x4 d:/app/stm32cubeide_1.10.1/stm32cubeide/plugins/com.st.stm32cube.ide.mcu.externaltools.gnu-tools-for-stm32.10.3-2021.10.win32_1.0.0.202111181127/tools/bin/../lib/gcc/arm-none-eabi/10.3.1/../../../../arm-none-eabi/lib/thumb/v7-m/nofp\libc_nano.a(lib_a-impure.o)
                0x000000000800d508                _global_impure_ptr
 .rodata._vfprintf_r.str1.1
                0x000000000800d50c       0x11 d:/app/stm32cubeide_1.10.1/stm32cubeide/plugins/com.st.stm32cube.ide.mcu.externaltools.gnu-tools-for-stm32.10.3-2021.10.win32_1.0.0.202111181127/tools/bin/../lib/gcc/arm-none-eabi/10.3.1/../../../../arm-none-eabi/lib/thumb/v7-m/nofp\libc_nano.a(lib_a-nano-vfprintf.o)
 .rodata._printf_i.str1.1
                0x000000000800d51d       0x22 d:/app/stm32cubeide_1.10.1/stm32cubeide/plugins/com.st.stm32cube.ide.mcu.externaltools.gnu-tools-for-stm32.10.3-2021.10.win32_1.0.0.202111181127/tools/bin/../lib/gcc/arm-none-eabi/10.3.1/../../../../arm-none-eabi/lib/thumb/v7-m/nofp\libc_nano.a(lib_a-nano-vfprintf_i.o)
 *fill*         0x000000000800d53f        0x1 
 .rodata.__sf_fake_stderr
                0x000000000800d540       0x20 d:/app/stm32cubeide_1.10.1/stm32cubeide/plugins/com.st.stm32cube.ide.mcu.externaltools.gnu-tools-for-stm32.10.3-2021.10.win32_1.0.0.202111181127/tools/bin/../lib/gcc/arm-none-eabi/10.3.1/../../../../arm-none-eabi/lib/thumb/v7-m/nofp\libc_nano.a(lib_a-findfp.o)
                0x000000000800d540                __sf_fake_stderr
 .rodata.__sf_fake_stdin
                0x000000000800d560       0x20 d:/app/stm32cubeide_1.10.1/stm32cubeide/plugins/com.st.stm32cube.ide.mcu.externaltools.gnu-tools-for-stm32.10.3-2021.10.win32_1.0.0.202111181127/tools/bin/../lib/gcc/arm-none-eabi/10.3.1/../../../../arm-none-eabi/lib/thumb/v7-m/nofp\libc_nano.a(lib_a-findfp.o)
                0x000000000800d560                __sf_fake_stdin
 .rodata.__sf_fake_stdout
                0x000000000800d580       0x20 d:/app/stm32cubeide_1.10.1/stm32cubeide/plugins/com.st.stm32cube.ide.mcu.externaltools.gnu-tools-for-stm32.10.3-2021.10.win32_1.0.0.202111181127/tools/bin/../lib/gcc/arm-none-eabi/10.3.1/../../../../arm-none-eabi/lib/thumb/v7-m/nofp\libc_nano.a(lib_a-findfp.o)
                0x000000000800d580                __sf_fake_stdout
 .rodata._svfprintf_r.str1.1
                0x000000000800d5a0       0x11 d:/app/stm32cubeide_1.10.1/stm32cubeide/plugins/com.st.stm32cube.ide.mcu.externaltools.gnu-tools-for-stm32.10.3-2021.10.win32_1.0.0.202111181127/tools/bin/../lib/gcc/arm-none-eabi/10.3.1/../../../../arm-none-eabi/lib/thumb/v7-m/nofp\libc_nano.a(lib_a-nano-svfprintf.o)
 .rodata.atanhi
                0x000000000800d5a0       0x20 d:/app/stm32cubeide_1.10.1/stm32cubeide/plugins/com.st.stm32cube.ide.mcu.externaltools.gnu-tools-for-stm32.10.3-2021.10.win32_1.0.0.202111181127/tools/bin/../lib/gcc/arm-none-eabi/10.3.1/../../../../arm-none-eabi/lib/thumb/v7-m/nofp\libm.a(lib_a-s_atan.o)
 .rodata.atanlo
                0x000000000800d5c0       0x20 d:/app/stm32cubeide_1.10.1/stm32cubeide/plugins/com.st.stm32cube.ide.mcu.externaltools.gnu-tools-for-stm32.10.3-2021.10.win32_1.0.0.202111181127/tools/bin/../lib/gcc/arm-none-eabi/10.3.1/../../../../arm-none-eabi/lib/thumb/v7-m/nofp\libm.a(lib_a-s_atan.o)
 .rodata.npio2_hw
                0x000000000800d5e0       0x80 d:/app/stm32cubeide_1.10.1/stm32cubeide/plugins/com.st.stm32cube.ide.mcu.externaltools.gnu-tools-for-stm32.10.3-2021.10.win32_1.0.0.202111181127/tools/bin/../lib/gcc/arm-none-eabi/10.3.1/../../../../arm-none-eabi/lib/thumb/v7-m/nofp\libm.a(lib_a-e_rem_pio2.o)
 .rodata.two_over_pi
                0x000000000800d660      0x108 d:/app/stm32cubeide_1.10.1/stm32cubeide/plugins/com.st.stm32cube.ide.mcu.externaltools.gnu-tools-for-stm32.10.3-2021.10.win32_1.0.0.202111181127/tools/bin/../lib/gcc/arm-none-eabi/10.3.1/../../../../arm-none-eabi/lib/thumb/v7-m/nofp\libm.a(lib_a-e_rem_pio2.o)
 .rodata.PIo2   0x000000000800d768       0x40 d:/app/stm32cubeide_1.10.1/stm32cubeide/plugins/com.st.stm32cube.ide.mcu.externaltools.gnu-tools-for-stm32.10.3-2021.10.win32_1.0.0.202111181127/tools/bin/../lib/gcc/arm-none-eabi/10.3.1/../../../../arm-none-eabi/lib/thumb/v7-m/nofp\libm.a(lib_a-k_rem_pio2.o)
 .rodata.init_jk
                0x000000000800d7a8       0x10 d:/app/stm32cubeide_1.10.1/stm32cubeide/plugins/com.st.stm32cube.ide.mcu.externaltools.gnu-tools-for-stm32.10.3-2021.10.win32_1.0.0.202111181127/tools/bin/../lib/gcc/arm-none-eabi/10.3.1/../../../../arm-none-eabi/lib/thumb/v7-m/nofp\libm.a(lib_a-k_rem_pio2.o)
                0x000000000800d7b8                . = ALIGN (0x4)

.rel.dyn        0x000000000800d7b8        0x0
 .rel.iplt      0x000000000800d7b8        0x0 d:/app/stm32cubeide_1.10.1/stm32cubeide/plugins/com.st.stm32cube.ide.mcu.externaltools.gnu-tools-for-stm32.10.3-2021.10.win32_1.0.0.202111181127/tools/bin/../lib/gcc/arm-none-eabi/10.3.1/thumb/v7-m/nofp/crtbegin.o

.ARM.extab      0x000000000800d7b8        0x0
                0x000000000800d7b8                . = ALIGN (0x4)
 *(.ARM.extab* .gnu.linkonce.armextab.*)
                0x000000000800d7b8                . = ALIGN (0x4)

.ARM            0x000000000800d7b8        0x0
                0x000000000800d7b8                . = ALIGN (0x4)
                0x000000000800d7b8                __exidx_start = .
 *(.ARM.exidx*)
                0x000000000800d7b8                __exidx_end = .
                0x000000000800d7b8                . = ALIGN (0x4)

.preinit_array  0x000000000800d7b8        0x0
                0x000000000800d7b8                . = ALIGN (0x4)
                0x000000000800d7b8                PROVIDE (__preinit_array_start = .)
 *(.preinit_array*)
                0x000000000800d7b8                PROVIDE (__preinit_array_end = .)
                0x000000000800d7b8                . = ALIGN (0x4)

.init_array     0x000000000800d7b8        0x4
                0x000000000800d7b8                . = ALIGN (0x4)
                0x000000000800d7b8                PROVIDE (__init_array_start = .)
 *(SORT_BY_NAME(.init_array.*))
 *(.init_array*)
 .init_array    0x000000000800d7b8        0x4 d:/app/stm32cubeide_1.10.1/stm32cubeide/plugins/com.st.stm32cube.ide.mcu.externaltools.gnu-tools-for-stm32.10.3-2021.10.win32_1.0.0.202111181127/tools/bin/../lib/gcc/arm-none-eabi/10.3.1/thumb/v7-m/nofp/crtbegin.o
                0x000000000800d7bc                PROVIDE (__init_array_end = .)
                0x000000000800d7bc                . = ALIGN (0x4)

.fini_array     0x000000000800d7bc        0x4
                0x000000000800d7bc                . = ALIGN (0x4)
                [!provide]                        PROVIDE (__fini_array_start = .)
 *(SORT_BY_NAME(.fini_array.*))
 *(.fini_array*)
 .fini_array    0x000000000800d7bc        0x4 d:/app/stm32cubeide_1.10.1/stm32cubeide/plugins/com.st.stm32cube.ide.mcu.externaltools.gnu-tools-for-stm32.10.3-2021.10.win32_1.0.0.202111181127/tools/bin/../lib/gcc/arm-none-eabi/10.3.1/thumb/v7-m/nofp/crtbegin.o
                [!provide]                        PROVIDE (__fini_array_end = .)
                0x000000000800d7c0                . = ALIGN (0x4)
                0x000000000800d7c0                _sidata = LOADADDR (.data)

.data           0x0000000020000000       0x88 load address 0x000000000800d7c0
                0x0000000020000000                . = ALIGN (0x4)
                0x0000000020000000                _sdata = .
 *(.data)
 *(.data*)
 .data.JY62_RESET_Z_ANGLE
                0x0000000020000000        0x3 ./Core/Src/huansic_jy62lib.o
                0x0000000020000000                JY62_RESET_Z_ANGLE
 *fill*         0x0000000020000003        0x1 
 .data.Font_6x8
                0x0000000020000004        0x8 ./Core/Src/ssd1306_fonts.o
                0x0000000020000004                Font_6x8
 .data.SystemCoreClock
                0x000000002000000c        0x4 ./Core/Src/system_stm32f1xx.o
                0x000000002000000c                SystemCoreClock
 .data.zigbeeSend
                0x0000000020000010        0xc ./Core/Src/zigbee_edc24.o
                0x0000000020000010                zigbeeSend
 .data.uwTickPrio
                0x000000002000001c        0x4 ./Drivers/STM32F1xx_HAL_Driver/Src/stm32f1xx_hal.o
                0x000000002000001c                uwTickPrio
 .data.uwTickFreq
                0x0000000020000020        0x1 ./Drivers/STM32F1xx_HAL_Driver/Src/stm32f1xx_hal.o
                0x0000000020000020                uwTickFreq
 *fill*         0x0000000020000021        0x3 
 .data._impure_ptr
                0x0000000020000024        0x4 d:/app/stm32cubeide_1.10.1/stm32cubeide/plugins/com.st.stm32cube.ide.mcu.externaltools.gnu-tools-for-stm32.10.3-2021.10.win32_1.0.0.202111181127/tools/bin/../lib/gcc/arm-none-eabi/10.3.1/../../../../arm-none-eabi/lib/thumb/v7-m/nofp\libc_nano.a(lib_a-impure.o)
                0x0000000020000024                _impure_ptr
 .data.impure_data
                0x0000000020000028       0x60 d:/app/stm32cubeide_1.10.1/stm32cubeide/plugins/com.st.stm32cube.ide.mcu.externaltools.gnu-tools-for-stm32.10.3-2021.10.win32_1.0.0.202111181127/tools/bin/../lib/gcc/arm-none-eabi/10.3.1/../../../../arm-none-eabi/lib/thumb/v7-m/nofp\libc_nano.a(lib_a-impure.o)
 *(.RamFunc)
 *(.RamFunc*)
                0x0000000020000088                . = ALIGN (0x4)
                0x0000000020000088                _edata = .

.igot.plt       0x0000000020000088        0x0 load address 0x000000000800d848
 .igot.plt      0x0000000020000088        0x0 d:/app/stm32cubeide_1.10.1/stm32cubeide/plugins/com.st.stm32cube.ide.mcu.externaltools.gnu-tools-for-stm32.10.3-2021.10.win32_1.0.0.202111181127/tools/bin/../lib/gcc/arm-none-eabi/10.3.1/thumb/v7-m/nofp/crtbegin.o
                0x0000000020000088                . = ALIGN (0x4)

.bss            0x0000000020000088     0x8138 load address 0x000000000800d848
                0x0000000020000088                _sbss = .
                0x0000000020000088                __bss_start__ = _sbss
 *(.bss)
 .bss           0x0000000020000088       0x1c d:/app/stm32cubeide_1.10.1/stm32cubeide/plugins/com.st.stm32cube.ide.mcu.externaltools.gnu-tools-for-stm32.10.3-2021.10.win32_1.0.0.202111181127/tools/bin/../lib/gcc/arm-none-eabi/10.3.1/thumb/v7-m/nofp/crtbegin.o
 *(.bss*)
 .bss.orderBuffers
                0x00000000200000a4      0x5a0 ./Core/Src/huansic_malloc.o
                0x00000000200000a4                orderBuffers
 .bss.hi2c1     0x0000000020000644       0x54 ./Core/Src/main.o
                0x0000000020000644                hi2c1
 .bss.htim1     0x0000000020000698       0x48 ./Core/Src/main.o
                0x0000000020000698                htim1
 .bss.htim2     0x00000000200006e0       0x48 ./Core/Src/main.o
                0x00000000200006e0                htim2
 .bss.htim3     0x0000000020000728       0x48 ./Core/Src/main.o
                0x0000000020000728                htim3
 .bss.htim4     0x0000000020000770       0x48 ./Core/Src/main.o
                0x0000000020000770                htim4
 .bss.htim5     0x00000000200007b8       0x48 ./Core/Src/main.o
                0x00000000200007b8                htim5
 .bss.htim6     0x0000000020000800       0x48 ./Core/Src/main.o
                0x0000000020000800                htim6
 .bss.htim8     0x0000000020000848       0x48 ./Core/Src/main.o
                0x0000000020000848                htim8
 .bss.huart2    0x0000000020000890       0x44 ./Core/Src/main.o
                0x0000000020000890                huart2
 .bss.huart3    0x00000000200008d4       0x44 ./Core/Src/main.o
                0x00000000200008d4                huart3
 .bss.zigbee_huart
                0x0000000020000918        0x4 ./Core/Src/main.o
                0x0000000020000918                zigbee_huart
 .bss.hdma_usart2_rx
                0x000000002000091c       0x44 ./Core/Src/main.o
                0x000000002000091c                hdma_usart2_rx
 .bss.hdma_usart3_rx
                0x0000000020000960       0x44 ./Core/Src/main.o
                0x0000000020000960                hdma_usart3_rx
 .bss.cmotor_lf
                0x00000000200009a4       0x3c ./Core/Src/main.o
                0x00000000200009a4                cmotor_lf