../Core/Src/main.c:133:5:main	16	static
../Core/Src/main.c:193:6:SystemClock_Config	72	static
../Core/Src/main.c:233:13:MX_I2C1_Init	8	static
../Core/Src/main.c:267:13:MX_TIM1_Init	96	static
../Core/Src/main.c:354:13:MX_TIM2_Init	56	static
../Core/Src/main.c:403:13:MX_TIM3_Init	56	static
../Core/Src/main.c:452:13:MX_TIM4_Init	56	static
../Core/Src/main.c:501:13:MX_TIM5_Init	56	static
../Core/Src/main.c:550:13:MX_TIM6_Init	16	static
../Core/Src/main.c:588:13:MX_TIM8_Init	96	static
../Core/Src/main.c:675:13:MX_USART2_UART_Init	8	static
../Core/Src/main.c:708:13:MX_USART3_UART_Init	8	static
../Core/Src/main.c:739:13:MX_DMA_Init	16	static
../Core/Src/main.c:760:13:MX_GPIO_Init	40	static
../Core/Src/main.c:784:13:HUAN_MOTOR1_Init	8	static
../Core/Src/main.c:797:13:HUAN_MOTOR2_Init	8	static
../Core/Src/main.c:810:13:HUAN_MOTOR3_Init	8	static
../Core/Src/main.c:823:13:HUAN_MOTOR4_Init	8	static
../Core/Src/main.c:836:13:HUAN_IMU_Init	8	static
../Core/Src/main.c:841:13:HUAN_ZIGBEE_Init	8	static
../Core/Src/main.c:852:6:Error_Handler	4	static,ignoring_inline_asm
