../Core/Src/main.c:140:5:main	16	static
../Core/Src/main.c:267:6:SystemClock_Config	72	static
../Core/Src/main.c:307:13:MX_I2C1_Init	8	static
../Core/Src/main.c:341:13:MX_TIM1_Init	96	static
../Core/Src/main.c:428:13:MX_TIM2_Init	56	static
../Core/Src/main.c:477:13:MX_TIM3_Init	56	static
../Core/Src/main.c:526:13:MX_TIM4_Init	56	static
../Core/Src/main.c:575:13:MX_TIM5_Init	56	static
../Core/Src/main.c:624:13:MX_TIM6_Init	16	static
../Core/Src/main.c:662:13:MX_TIM8_Init	96	static
../Core/Src/main.c:749:13:MX_USART2_UART_Init	8	static
../Core/Src/main.c:782:13:MX_USART3_UART_Init	8	static
../Core/Src/main.c:813:13:MX_DMA_Init	16	static
../Core/Src/main.c:834:13:MX_GPIO_Init	40	static
../Core/Src/main.c:858:13:HUAN_MOTOR1_Init	8	static
../Core/Src/main.c:874:13:HUAN_MOTOR2_Init	8	static
../Core/Src/main.c:888:13:HUAN_MOTOR3_Init	8	static
../Core/Src/main.c:904:13:HUAN_MOTOR4_Init	8	static
../Core/Src/main.c:918:13:HUAN_IMU_Init	8	static
../Core/Src/main.c:923:13:HUAN_ZIGBEE_Init	8	static
../Core/Src/main.c:928:6:HAL_UART_RxCpltCallback	16	static
../Core/Src/main.c:939:6:HAL_UART_ErrorCallback	16	static
../Core/Src/main.c:955:6:Error_Handler	4	static,ignoring_inline_asm
