../Core/Src/main.c:150:5:main	16	static
../Core/Src/main.c:343:6:SystemClock_Config	72	static
../Core/Src/main.c:383:13:MX_I2C1_Init	8	static
../Core/Src/main.c:417:13:MX_TIM1_Init	96	static
../Core/Src/main.c:504:13:MX_TIM2_Init	56	static
../Core/Src/main.c:553:13:MX_TIM3_Init	56	static
../Core/Src/main.c:602:13:MX_TIM4_Init	56	static
../Core/Src/main.c:651:13:MX_TIM5_Init	56	static
../Core/Src/main.c:700:13:MX_TIM6_Init	16	static
../Core/Src/main.c:738:13:MX_TIM7_Init	16	static
../Core/Src/main.c:776:13:MX_TIM8_Init	96	static
../Core/Src/main.c:863:13:MX_USART2_UART_Init	8	static
../Core/Src/main.c:896:13:MX_USART3_UART_Init	8	static
../Core/Src/main.c:927:13:MX_DMA_Init	16	static
../Core/Src/main.c:948:13:MX_GPIO_Init	40	static
../Core/Src/main.c:972:13:HUAN_MOTOR1_Init	8	static
../Core/Src/main.c:988:13:HUAN_MOTOR2_Init	8	static
../Core/Src/main.c:1002:13:HUAN_MOTOR3_Init	8	static
../Core/Src/main.c:1018:13:HUAN_MOTOR4_Init	8	static
../Core/Src/main.c:1032:13:HUAN_IMU_Init	8	static
../Core/Src/main.c:1038:13:HUAN_ZIGBEE_Init	8	static
../Core/Src/main.c:1044:6:HAL_UART_RxCpltCallback	16	static
../Core/Src/main.c:1064:6:HAL_UART_ErrorCallback	16	static
../Core/Src/main.c:1082:6:HUAN_PeriodicInt1000ms_ISR	8	static
../Core/Src/main.c:1093:6:Error_Handler	4	static,ignoring_inline_asm
