../Core/Src/main.c:136:5:main	16	static
../Core/Src/main.c:250:6:SystemClock_Config	72	static
../Core/Src/main.c:290:13:MX_I2C1_Init	8	static
../Core/Src/main.c:324:13:MX_TIM1_Init	96	static
../Core/Src/main.c:411:13:MX_TIM2_Init	56	static
../Core/Src/main.c:460:13:MX_TIM3_Init	56	static
../Core/Src/main.c:509:13:MX_TIM4_Init	56	static
../Core/Src/main.c:558:13:MX_TIM5_Init	56	static
../Core/Src/main.c:607:13:MX_TIM6_Init	16	static
../Core/Src/main.c:645:13:MX_TIM8_Init	96	static
../Core/Src/main.c:732:13:MX_USART2_UART_Init	8	static
../Core/Src/main.c:765:13:MX_USART3_UART_Init	8	static
../Core/Src/main.c:796:13:MX_DMA_Init	16	static
../Core/Src/main.c:817:13:MX_GPIO_Init	40	static
../Core/Src/main.c:841:13:HUAN_MOTOR1_Init	8	static
../Core/Src/main.c:856:13:HUAN_MOTOR2_Init	8	static
../Core/Src/main.c:869:13:HUAN_MOTOR3_Init	8	static
../Core/Src/main.c:884:13:HUAN_MOTOR4_Init	8	static
../Core/Src/main.c:897:13:HUAN_IMU_Init	8	static
../Core/Src/main.c:902:13:HUAN_ZIGBEE_Init	8	static
../Core/Src/main.c:907:6:HAL_UART_RxCpltCallback	16	static
../Core/Src/main.c:918:6:HAL_UART_ErrorCallback	16	static
../Core/Src/main.c:934:6:Error_Handler	4	static,ignoring_inline_asm
