../Core/Src/main.c:121:5:main	8	static
../Core/Src/main.c:189:6:SystemClock_Config	72	static
../Core/Src/main.c:229:13:MX_I2C1_Init	8	static
../Core/Src/main.c:263:13:MX_TIM1_Init	96	static
../Core/Src/main.c:350:13:MX_TIM2_Init	56	static
../Core/Src/main.c:399:13:MX_TIM3_Init	56	static
../Core/Src/main.c:448:13:MX_TIM4_Init	56	static
../Core/Src/main.c:497:13:MX_TIM5_Init	56	static
../Core/Src/main.c:546:13:MX_TIM6_Init	16	static
../Core/Src/main.c:584:13:MX_TIM8_Init	96	static
../Core/Src/main.c:671:13:MX_USART2_UART_Init	8	static
../Core/Src/main.c:704:13:MX_USART3_UART_Init	8	static
../Core/Src/main.c:735:13:MX_DMA_Init	16	static
../Core/Src/main.c:756:13:MX_GPIO_Init	40	static
../Core/Src/main.c:780:13:HUAN_MOTOR1_Init	8	static
../Core/Src/main.c:793:13:HUAN_MOTOR2_Init	8	static
../Core/Src/main.c:806:13:HUAN_MOTOR3_Init	8	static
../Core/Src/main.c:819:13:HUAN_MOTOR4_Init	8	static
../Core/Src/main.c:832:13:HUAN_IMU_Init	8	static
../Core/Src/main.c:837:13:HUAN_ZIGBEE_Init	8	static
../Core/Src/main.c:848:6:Error_Handler	4	static,ignoring_inline_asm
