../Core/Src/main.c:141:5:main	16	static
../Core/Src/main.c:260:6:SystemClock_Config	72	static
../Core/Src/main.c:300:13:MX_I2C1_Init	8	static
../Core/Src/main.c:334:13:MX_TIM1_Init	96	static
../Core/Src/main.c:421:13:MX_TIM2_Init	56	static
../Core/Src/main.c:470:13:MX_TIM3_Init	56	static
../Core/Src/main.c:519:13:MX_TIM4_Init	56	static
../Core/Src/main.c:568:13:MX_TIM5_Init	56	static
../Core/Src/main.c:617:13:MX_TIM6_Init	16	static
../Core/Src/main.c:655:13:MX_TIM8_Init	96	static
../Core/Src/main.c:742:13:MX_USART2_UART_Init	8	static
../Core/Src/main.c:775:13:MX_USART3_UART_Init	8	static
../Core/Src/main.c:806:13:MX_DMA_Init	16	static
../Core/Src/main.c:827:13:MX_GPIO_Init	40	static
../Core/Src/main.c:851:13:HUAN_MOTOR1_Init	8	static
../Core/Src/main.c:867:13:HUAN_MOTOR2_Init	8	static
../Core/Src/main.c:881:13:HUAN_MOTOR3_Init	8	static
../Core/Src/main.c:897:13:HUAN_MOTOR4_Init	8	static
../Core/Src/main.c:911:13:HUAN_IMU_Init	8	static
../Core/Src/main.c:916:13:HUAN_ZIGBEE_Init	8	static
../Core/Src/main.c:921:6:HAL_UART_RxCpltCallback	16	static
../Core/Src/main.c:932:6:HAL_UART_ErrorCallback	16	static
../Core/Src/main.c:948:6:Error_Handler	4	static,ignoring_inline_asm
