../Core/Src/main.c:136:5:main	32	static
../Core/Src/main.c:256:6:SystemClock_Config	72	static
../Core/Src/main.c:296:13:MX_I2C1_Init	8	static
../Core/Src/main.c:330:13:MX_TIM1_Init	96	static
../Core/Src/main.c:417:13:MX_TIM2_Init	56	static
../Core/Src/main.c:466:13:MX_TIM3_Init	56	static
../Core/Src/main.c:515:13:MX_TIM4_Init	56	static
../Core/Src/main.c:564:13:MX_TIM5_Init	56	static
../Core/Src/main.c:613:13:MX_TIM6_Init	16	static
../Core/Src/main.c:651:13:MX_TIM8_Init	96	static
../Core/Src/main.c:738:13:MX_USART2_UART_Init	8	static
../Core/Src/main.c:771:13:MX_USART3_UART_Init	8	static
../Core/Src/main.c:802:13:MX_DMA_Init	16	static
../Core/Src/main.c:823:13:MX_GPIO_Init	40	static
../Core/Src/main.c:847:13:HUAN_MOTOR1_Init	8	static
../Core/Src/main.c:863:13:HUAN_MOTOR2_Init	8	static
../Core/Src/main.c:877:13:HUAN_MOTOR3_Init	8	static
../Core/Src/main.c:893:13:HUAN_MOTOR4_Init	8	static
../Core/Src/main.c:907:13:HUAN_IMU_Init	8	static
../Core/Src/main.c:912:13:HUAN_ZIGBEE_Init	8	static
../Core/Src/main.c:917:6:HAL_UART_RxCpltCallback	16	static
../Core/Src/main.c:928:6:HAL_UART_ErrorCallback	16	static
../Core/Src/main.c:944:6:Error_Handler	4	static,ignoring_inline_asm
