../Core/Src/main.c:145:5:main	8	static
../Core/Src/main.c:364:6:SystemClock_Config	72	static
../Core/Src/main.c:404:13:MX_I2C1_Init	8	static
../Core/Src/main.c:438:13:MX_TIM1_Init	96	static
../Core/Src/main.c:525:13:MX_TIM2_Init	56	static
../Core/Src/main.c:574:13:MX_TIM3_Init	56	static
../Core/Src/main.c:623:13:MX_TIM4_Init	56	static
../Core/Src/main.c:672:13:MX_TIM5_Init	56	static
../Core/Src/main.c:721:13:MX_TIM6_Init	16	static
../Core/Src/main.c:759:13:MX_TIM8_Init	96	static
../Core/Src/main.c:846:13:MX_USART2_UART_Init	8	static
../Core/Src/main.c:879:13:MX_USART3_UART_Init	8	static
../Core/Src/main.c:910:13:MX_DMA_Init	16	static
../Core/Src/main.c:931:13:MX_GPIO_Init	40	static
../Core/Src/main.c:955:13:HUAN_MOTOR1_Init	8	static
../Core/Src/main.c:971:13:HUAN_MOTOR2_Init	8	static
../Core/Src/main.c:985:13:HUAN_MOTOR3_Init	8	static
../Core/Src/main.c:1001:13:HUAN_MOTOR4_Init	8	static
../Core/Src/main.c:1015:13:HUAN_IMU_Init	8	static
../Core/Src/main.c:1021:13:HUAN_ZIGBEE_Init	8	static
../Core/Src/main.c:1027:6:HAL_UART_RxCpltCallback	16	static
../Core/Src/main.c:1041:6:HAL_UART_ErrorCallback	16	static
../Core/Src/main.c:1060:6:Error_Handler	4	static,ignoring_inline_asm
