../Core/Src/main.c:121:5:main	8	static
../Core/Src/main.c:181:6:SystemClock_Config	72	static
../Core/Src/main.c:221:13:MX_I2C1_Init	8	static
../Core/Src/main.c:255:13:MX_TIM1_Init	96	static
../Core/Src/main.c:342:13:MX_TIM2_Init	56	static
../Core/Src/main.c:391:13:MX_TIM3_Init	56	static
../Core/Src/main.c:440:13:MX_TIM4_Init	56	static
../Core/Src/main.c:489:13:MX_TIM5_Init	56	static
../Core/Src/main.c:538:13:MX_TIM6_Init	16	static
../Core/Src/main.c:576:13:MX_TIM8_Init	96	static
../Core/Src/main.c:663:13:MX_USART2_UART_Init	8	static
../Core/Src/main.c:696:13:MX_USART3_UART_Init	8	static
../Core/Src/main.c:727:13:MX_DMA_Init	16	static
../Core/Src/main.c:748:13:MX_GPIO_Init	40	static
../Core/Src/main.c:772:13:HUAN_MOTOR1_Init	8	static
../Core/Src/main.c:785:13:HUAN_MOTOR2_Init	8	static
../Core/Src/main.c:798:13:HUAN_MOTOR3_Init	8	static
../Core/Src/main.c:811:13:HUAN_MOTOR4_Init	8	static
../Core/Src/main.c:824:13:HUAN_IMU_Init	8	static
../Core/Src/main.c:829:13:HUAN_ZIGBEE_Init	8	static
../Core/Src/main.c:840:6:Error_Handler	4	static,ignoring_inline_asm
