../Core/Src/main.c:123:5:main	16	static
../Core/Src/main.c:223:6:SystemClock_Config	72	static
../Core/Src/main.c:263:13:MX_I2C1_Init	8	static
../Core/Src/main.c:297:13:MX_TIM1_Init	32	static
../Core/Src/main.c:343:13:MX_TIM2_Init	56	static
../Core/Src/main.c:392:13:MX_TIM3_Init	64	static
../Core/Src/main.c:463:13:MX_TIM4_Init	56	static
../Core/Src/main.c:512:13:MX_USART1_UART_Init	8	static
../Core/Src/main.c:545:13:MX_USART2_UART_Init	8	static
../Core/Src/main.c:576:13:MX_DMA_Init	16	static
../Core/Src/main.c:597:13:MX_GPIO_Init	40	static
../Core/Src/main.c:619:13:HUAN_MOTOR_LEFT_Init	8	static
../Core/Src/main.c:632:13:HUAN_MOTOR_RIGHT_Init	8	static
../Core/Src/main.c:645:13:HUAN_IMU_Init	8	static
../Core/Src/main.c:650:13:HUAN_ZIGBEE_Init	8	static
../Core/Src/main.c:662:6:Error_Handler	4	static,ignoring_inline_asm
