../Core/Src/main.c:93:5:main	8	static
../Core/Src/main.c:182:6:SystemClock_Config	72	static
../Core/Src/main.c:222:13:MX_I2C1_Init	8	static
../Core/Src/main.c:256:13:MX_TIM1_Init	32	static
../Core/Src/main.c:302:13:MX_TIM2_Init	56	static
../Core/Src/main.c:351:13:MX_TIM3_Init	64	static
../Core/Src/main.c:422:13:MX_TIM4_Init	56	static
../Core/Src/main.c:471:13:MX_USART1_UART_Init	8	static
../Core/Src/main.c:504:13:MX_USART2_UART_Init	8	static
../Core/Src/main.c:535:13:MX_DMA_Init	16	static
../Core/Src/main.c:556:13:MX_GPIO_Init	40	static
../Core/Src/main.c:585:6:Error_Handler	4	static,ignoring_inline_asm
