../Core/Src/main.c:92:5:main	8	static
../Core/Src/main.c:148:6:SystemClock_Config	128	static
../Core/Src/main.c:202:13:MX_I2C1_Init	8	static
../Core/Src/main.c:250:13:MX_TIM1_Init	56	static
../Core/Src/main.c:301:13:MX_TIM2_Init	56	static
../Core/Src/main.c:350:13:MX_TIM3_Init	56	static
../Core/Src/main.c:399:13:MX_TIM4_Init	56	static
../Core/Src/main.c:448:13:MX_TIM6_Init	24	static
../Core/Src/main.c:486:13:MX_TIM8_Init	112	static
../Core/Src/main.c:579:13:MX_TIM15_Init	112	static
../Core/Src/main.c:659:13:MX_TIM16_Init	80	static
../Core/Src/main.c:722:13:MX_TIM17_Init	80	static
../Core/Src/main.c:785:13:MX_UART4_Init	8	static
../Core/Src/main.c:820:13:MX_UART5_Init	8	static
../Core/Src/main.c:853:13:MX_DMA_Init	16	static
../Core/Src/main.c:874:13:MX_GPIO_Init	48	static
../Core/Src/main.c:922:6:Error_Handler	4	static,ignoring_inline_asm
